Component: ARM Compiler 6.16 Tool: armlink [5dfeaa00]

==============================================================================

Section Cross References

    startup_stm32wl55xx_cm4.o(RESET) refers to startup_stm32wl55xx_cm4.o(STACK) for __initial_sp
    startup_stm32wl55xx_cm4.o(RESET) refers to startup_stm32wl55xx_cm4.o(.text) for Reset_Handler
    startup_stm32wl55xx_cm4.o(RESET) refers to stm32wlxx_it.o(.text.NMI_Handler) for NMI_Handler
    startup_stm32wl55xx_cm4.o(RESET) refers to stm32wlxx_it.o(.text.HardFault_Handler) for HardFault_Handler
    startup_stm32wl55xx_cm4.o(RESET) refers to stm32wlxx_it.o(.text.MemManage_Handler) for MemManage_Handler
    startup_stm32wl55xx_cm4.o(RESET) refers to stm32wlxx_it.o(.text.BusFault_Handler) for BusFault_Handler
    startup_stm32wl55xx_cm4.o(RESET) refers to stm32wlxx_it.o(.text.UsageFault_Handler) for UsageFault_Handler
    startup_stm32wl55xx_cm4.o(RESET) refers to stm32wlxx_it.o(.text.SVC_Handler) for SVC_Handler
    startup_stm32wl55xx_cm4.o(RESET) refers to stm32wlxx_it.o(.text.DebugMon_Handler) for DebugMon_Handler
    startup_stm32wl55xx_cm4.o(RESET) refers to stm32wlxx_it.o(.text.PendSV_Handler) for PendSV_Handler
    startup_stm32wl55xx_cm4.o(RESET) refers to stm32wlxx_it.o(.text.SysTick_Handler) for SysTick_Handler
    startup_stm32wl55xx_cm4.o(RESET) refers to stm32wlxx_it.o(.text.TAMP_STAMP_LSECSS_SSRU_IRQHandler) for TAMP_STAMP_LSECSS_SSRU_IRQHandler
    startup_stm32wl55xx_cm4.o(RESET) refers to stm32wlxx_it.o(.text.DMA1_Channel5_IRQHandler) for DMA1_Channel5_IRQHandler
    startup_stm32wl55xx_cm4.o(RESET) refers to stm32wlxx_it.o(.text.USART2_IRQHandler) for USART2_IRQHandler
    startup_stm32wl55xx_cm4.o(RESET) refers to stm32wlxx_it.o(.text.RTC_Alarm_IRQHandler) for RTC_Alarm_IRQHandler
    startup_stm32wl55xx_cm4.o(RESET) refers to stm32wlxx_it.o(.text.SUBGHZ_Radio_IRQHandler) for SUBGHZ_Radio_IRQHandler
    startup_stm32wl55xx_cm4.o(.text) refers to system_stm32wlxx.o(.text.SystemInit) for SystemInit
    startup_stm32wl55xx_cm4.o(.text) refers to entry.o(.ARM.Collect$$$$00000000) for __main
    main.o(.text.main) refers to stm32wlxx_hal.o(.text.HAL_Init) for HAL_Init
    main.o(.text.main) refers to main.o(.text.SystemClock_Config) for SystemClock_Config
    main.o(.text.main) refers to gpio.o(.text.MX_GPIO_Init) for MX_GPIO_Init
    main.o(.text.main) refers to app_subghz_phy.o(.text.MX_SubGHz_Phy_Init) for MX_SubGHz_Phy_Init
    main.o(.text.main) refers to i2c.o(.text.MX_I2C3_Init) for MX_I2C3_Init
    main.o(.text.main) refers to hts221.o(.text.HTS221_Init) for HTS221_Init
    main.o(.text.main) refers to hts221.o(.text.HTS221_GetHumidity) for HTS221_GetHumidity
    main.o(.text.main) refers to hts221.o(.text.HTS221_GetTemperature) for HTS221_GetTemperature
    main.o(.text.main) refers to app_subghz_phy.o(.text.MX_SubGHz_Phy_Process) for MX_SubGHz_Phy_Process
    main.o(.text.main) refers to main.o(.bss..L_MergedGlobals) for [Anonymous Symbol]
    main.o(.text.main) refers to main.o(.bss.BufferTx) for BufferTx
    main.o(.text.main) refers to main.o(.data.ID) for ID
    main.o(.ARM.exidx.text.main) refers to main.o(.text.main) for [Anonymous Symbol]
    main.o(.text.SystemClock_Config) refers to memseta.o(.text) for __aeabi_memclr4
    main.o(.text.SystemClock_Config) refers to stm32wlxx_hal_pwr.o(.text.HAL_PWR_EnableBkUpAccess) for HAL_PWR_EnableBkUpAccess
    main.o(.text.SystemClock_Config) refers to stm32wlxx_hal_rcc.o(.text.HAL_RCC_OscConfig) for HAL_RCC_OscConfig
    main.o(.text.SystemClock_Config) refers to stm32wlxx_hal_rcc.o(.text.HAL_RCC_ClockConfig) for HAL_RCC_ClockConfig
    main.o(.ARM.exidx.text.SystemClock_Config) refers to main.o(.text.SystemClock_Config) for [Anonymous Symbol]
    main.o(.ARM.exidx.text.Error_Handler) refers to main.o(.text.Error_Handler) for [Anonymous Symbol]
    gpio.o(.text.MX_GPIO_Init) refers to stm32wlxx_hal_gpio.o(.text.HAL_GPIO_WritePin) for HAL_GPIO_WritePin
    gpio.o(.text.MX_GPIO_Init) refers to gpio.o(.text.LL_AHB2_GRP1_EnableClock) for LL_AHB2_GRP1_EnableClock
    gpio.o(.text.MX_GPIO_Init) refers to stm32wlxx_hal_gpio.o(.text.HAL_GPIO_Init) for HAL_GPIO_Init
    gpio.o(.ARM.exidx.text.MX_GPIO_Init) refers to gpio.o(.text.MX_GPIO_Init) for [Anonymous Symbol]
    gpio.o(.ARM.exidx.text.LL_AHB2_GRP1_EnableClock) refers to gpio.o(.text.LL_AHB2_GRP1_EnableClock) for [Anonymous Symbol]
    dma.o(.text.MX_DMA_Init) refers to dma.o(.text.LL_AHB1_GRP1_EnableClock) for LL_AHB1_GRP1_EnableClock
    dma.o(.text.MX_DMA_Init) refers to stm32wlxx_hal_cortex.o(.text.HAL_NVIC_SetPriority) for HAL_NVIC_SetPriority
    dma.o(.text.MX_DMA_Init) refers to stm32wlxx_hal_cortex.o(.text.HAL_NVIC_EnableIRQ) for HAL_NVIC_EnableIRQ
    dma.o(.ARM.exidx.text.MX_DMA_Init) refers to dma.o(.text.MX_DMA_Init) for [Anonymous Symbol]
    dma.o(.ARM.exidx.text.LL_AHB1_GRP1_EnableClock) refers to dma.o(.text.LL_AHB1_GRP1_EnableClock) for [Anonymous Symbol]
[...]
    SUBGHZ_CheckDeviceReady                  0x080055c5   Thumb Code    60  stm32wlxx_hal_subghz.o(.text.SUBGHZ_CheckDeviceReady)
    SUBGHZ_Radio_IRQHandler                  0x08005605   Thumb Code     8  stm32wlxx_it.o(.text.SUBGHZ_Radio_IRQHandler)
    SUBGHZ_WaitOnBusy                        0x0800560d   Thumb Code    60  stm32wlxx_hal_subghz.o(.text.SUBGHZ_WaitOnBusy)
    SUBGRF_Calibrate                         0x08005651   Thumb Code    24  radio_driver.o(.text.SUBGRF_Calibrate)
    SUBGRF_CalibrateImage                    0x08005669   Thumb Code   108  radio_driver.o(.text.SUBGRF_CalibrateImage)
    SUBGRF_GetCFO                            0x080056e9   Thumb Code   108  radio_driver.o(.text.SUBGRF_GetCFO)
    SUBGRF_GetFskBandwidthRegValue           0x08005765   Thumb Code    32  radio_driver.o(.text.SUBGRF_GetFskBandwidthRegValue)
    SUBGRF_GetOperatingMode                  0x08005789   Thumb Code     8  radio_driver.o(.text.SUBGRF_GetOperatingMode)
    SUBGRF_GetPacketStatus                   0x08005791   Thumb Code   112  radio_driver.o(.text.SUBGRF_GetPacketStatus)
    SUBGRF_GetPayload                        0x08005801   Thumb Code    48  radio_driver.o(.text.SUBGRF_GetPayload)
    SUBGRF_GetRadioWakeUpTime                0x08005831   Thumb Code     4  radio_driver.o(.text.SUBGRF_GetRadioWakeUpTime)
    SUBGRF_GetRandom                         0x08005835   Thumb Code    96  radio_driver.o(.text.SUBGRF_GetRandom)
    SUBGRF_GetRssiInst                       0x08005899   Thumb Code    24  radio_driver.o(.text.SUBGRF_GetRssiInst)
    SUBGRF_GetRxBufferStatus                 0x080058b1   Thumb Code    56  radio_driver.o(.text.SUBGRF_GetRxBufferStatus)
    SUBGRF_Init                              0x080058e9   Thumb Code   104  radio_driver.o(.text.SUBGRF_Init)
    SUBGRF_ReadBuffer                        0x08005951   Thumb Code    28  radio_driver.o(.text.SUBGRF_ReadBuffer)
    SUBGRF_ReadCommand                       0x0800596d   Thumb Code    28  radio_driver.o(.text.SUBGRF_ReadCommand)
    SUBGRF_ReadRegister                      0x08005989   Thumb Code    24  radio_driver.o(.text.SUBGRF_ReadRegister)
    SUBGRF_ReadRegisters                     0x080059a1   Thumb Code    28  radio_driver.o(.text.SUBGRF_ReadRegisters)
    SUBGRF_SendPayload                       0x080059c1   Thumb Code    18  radio_driver.o(.text.SUBGRF_SendPayload)
    SUBGRF_SetBufferBaseAddress              0x080059d3   Thumb Code    24  radio_driver.o(.text.SUBGRF_SetBufferBaseAddress)
    SUBGRF_SetCad                            0x080059ed   Thumb Code    20  radio_driver.o(.text.SUBGRF_SetCad)
    SUBGRF_SetCrcPolynomial                  0x08005a01   Thumb Code    32  radio_driver.o(.text.SUBGRF_SetCrcPolynomial)
    SUBGRF_SetCrcSeed                        0x08005a21   Thumb Code    32  radio_driver.o(.text.SUBGRF_SetCrcSeed)
    SUBGRF_SetDioIrqParams                   0x08005a41   Thumb Code    54  radio_driver.o(.text.SUBGRF_SetDioIrqParams)
    SUBGRF_SetLoRaSymbNumTimeout             0x08005a77   Thumb Code    56  radio_driver.o(.text.SUBGRF_SetLoRaSymbNumTimeout)
    SUBGRF_SetModulationParams               0x08005ab1   Thumb Code   168  radio_driver.o(.text.SUBGRF_SetModulationParams)
    SUBGRF_SetPaConfig                       0x08005b61   Thumb Code    30  radio_driver.o(.text.SUBGRF_SetPaConfig)
    SUBGRF_SetPacketParams                   0x08005b81   Thumb Code   168  radio_driver.o(.text.SUBGRF_SetPacketParams)
    SUBGRF_SetPacketType                     0x08005c29   Thumb Code    36  radio_driver.o(.text.SUBGRF_SetPacketType)
    SUBGRF_SetPayload                        0x08005c51   Thumb Code    10  radio_driver.o(.text.SUBGRF_SetPayload)
    SUBGRF_SetRegulatorMode                  0x08005c5b   Thumb Code    32  radio_driver.o(.text.SUBGRF_SetRegulatorMode)
    SUBGRF_SetRfFrequency                    0x08005c7d   Thumb Code    48  radio_driver.o(.text.SUBGRF_SetRfFrequency)
    SUBGRF_SetRfTxPower                      0x08005cb5   Thumb Code    40  radio_driver.o(.text.SUBGRF_SetRfTxPower)
    SUBGRF_SetRx                             0x08005cdd   Thumb Code    24  radio_driver.o(.text.SUBGRF_SetRx)
    SUBGRF_SetRxBoosted                      0x08005cf5   Thumb Code    52  radio_driver.o(.text.SUBGRF_SetRxBoosted)
    SUBGRF_SetRxDutyCycle                    0x08005d29   Thumb Code    56  radio_driver.o(.text.SUBGRF_SetRxDutyCycle)
    SUBGRF_SetSleep                          0x08005d61   Thumb Code    44  radio_driver.o(.text.SUBGRF_SetSleep)
    SUBGRF_SetStandby                        0x08005d8d   Thumb Code    36  radio_driver.o(.text.SUBGRF_SetStandby)
    SUBGRF_SetStopRxTimerOnPreambleDetect    0x08005db5   Thumb Code    18  radio_driver.o(.text.SUBGRF_SetStopRxTimerOnPreambleDetect)
    SUBGRF_SetSwitch                         0x08005dc7   Thumb Code    44  radio_driver.o(.text.SUBGRF_SetSwitch)
    SUBGRF_SetSyncWord                       0x08005df3   Thumb Code    18  radio_driver.o(.text.SUBGRF_SetSyncWord)
    SUBGRF_SetTcxoMode                       0x08005e05   Thumb Code    38  radio_driver.o(.text.SUBGRF_SetTcxoMode)
    SUBGRF_SetTx                             0x08005e2d   Thumb Code    24  radio_driver.o(.text.SUBGRF_SetTx)
    SUBGRF_SetTxContinuousWave               0x08005e49   Thumb Code    10  radio_driver.o(.text.SUBGRF_SetTxContinuousWave)
    SUBGRF_SetTxInfinitePreamble             0x08005e53   Thumb Code    10  radio_driver.o(.text.SUBGRF_SetTxInfinitePreamble)
    SUBGRF_SetTxParams                       0x08005e5d   Thumb Code   236  radio_driver.o(.text.SUBGRF_SetTxParams)
    SUBGRF_SetWhiteningSeed                  0x08005f49   Thumb Code    52  radio_driver.o(.text.SUBGRF_SetWhiteningSeed)
    SUBGRF_WriteBuffer                       0x08005f81   Thumb Code    28  radio_driver.o(.text.SUBGRF_WriteBuffer)
    SUBGRF_WriteCommand                      0x08005f9d   Thumb Code    28  radio_driver.o(.text.SUBGRF_WriteCommand)
    SUBGRF_WriteRegister                     0x08005fb9   Thumb Code    24  radio_driver.o(.text.SUBGRF_WriteRegister)
    SUBGRF_WriteRegisters                    0x08005fd1   Thumb Code    28  radio_driver.o(.text.SUBGRF_WriteRegisters)
    SVC_Handler                              0x08005ff1   Thumb Code     2  stm32wlxx_it.o(.text.SVC_Handler)
    SubghzApp_Init                           0x08005ff5   Thumb Code   324  subghz_phy_app.o(.text.SubghzApp_Init)
    SysTick_Handler                          0x080061f9   Thumb Code     2  stm32wlxx_it.o(.text.SysTick_Handler)
    SysTimeAdd                               0x080061fd   Thumb Code    36  stm32_systime.o(.text.SysTimeAdd)
    SysTimeGet                               0x08006225   Thumb Code    64  stm32_systime.o(.text.SysTimeGet)
    SystemApp_Init                           0x08006269   Thumb Code    60  sys_app.o(.text.SystemApp_Init)
    SystemClock_Config                       0x080062b1   Thumb Code   132  main.o(.text.SystemClock_Config)
    SystemInit                               0x0800633d   Thumb Code     2  system_stm32wlxx.o(.text.SystemInit)
    TAMP_STAMP_LSECSS_SSRU_IRQHandler        0x08006341   Thumb Code     8  stm32wlxx_it.o(.text.TAMP_STAMP_LSECSS_SSRU_IRQHandler)
    TIMER_IF_BkUp_Read_Seconds               0x08006351   Thumb Code     8  timer_if.o(.text.TIMER_IF_BkUp_Read_Seconds)
    TIMER_IF_BkUp_Read_SubSeconds            0x08006359   Thumb Code     8  timer_if.o(.text.TIMER_IF_BkUp_Read_SubSeconds)
    TIMER_IF_BkUp_Write_Seconds              0x0800636d   Thumb Code    12  timer_if.o(.text.TIMER_IF_BkUp_Write_Seconds)
    TIMER_IF_BkUp_Write_SubSeconds           0x08006379   Thumb Code    12  timer_if.o(.text.TIMER_IF_BkUp_Write_SubSeconds)
    TIMER_IF_Convert_Tick2ms                 0x08006385   Thumb Code    16  timer_if.o(.text.TIMER_IF_Convert_Tick2ms)
    TIMER_IF_Convert_ms2Tick                 0x08006395   Thumb Code     8  timer_if.o(.text.TIMER_IF_Convert_ms2Tick)
    TIMER_IF_DelayMs                         0x0800639d   Thumb Code    30  timer_if.o(.text.TIMER_IF_DelayMs)
    TIMER_IF_GetMinimumTimeout               0x080063bb   Thumb Code     4  timer_if.o(.text.TIMER_IF_GetMinimumTimeout)
    TIMER_IF_GetTime                         0x080063bf   Thumb Code    36  timer_if.o(.text.TIMER_IF_GetTime)
    TIMER_IF_GetTimerContext                 0x080063e5   Thumb Code     8  timer_if.o(.text.TIMER_IF_GetTimerContext)
    TIMER_IF_GetTimerElapsedTime             0x080063ed   Thumb Code    16  timer_if.o(.text.TIMER_IF_GetTimerElapsedTime)
    TIMER_IF_GetTimerValue                   0x080063fd   Thumb Code    16  timer_if.o(.text.TIMER_IF_GetTimerValue)
    TIMER_IF_Init                            0x0800640d   Thumb Code    56  timer_if.o(.text.TIMER_IF_Init)
    TIMER_IF_SetTimerContext                 0x08006449   Thumb Code    12  timer_if.o(.text.TIMER_IF_SetTimerContext)
    TIMER_IF_StartTimer                      0x08006455   Thumb Code    72  timer_if.o(.text.TIMER_IF_StartTimer)
    TIMER_IF_StopTimer                       0x080064a1   Thumb Code    24  timer_if.o(.text.TIMER_IF_StopTimer)
    TimerExists                              0x0800667d   Thumb Code    24  stm32_timer.o(.text.TimerExists)
    TimerInsertNewHeadTimer                  0x08006695   Thumb Code    20  stm32_timer.o(.text.TimerInsertNewHeadTimer)
    TimerInsertTimer                         0x080066a9   Thumb Code    32  stm32_timer.o(.text.TimerInsertTimer)
    TimerSetTimeout                          0x080066cd   Thumb Code    56  stm32_timer.o(.text.TimerSetTimeout)
    UART_AdvFeatureConfig                    0x0800676d   Thumb Code   168  stm32wlxx_hal_uart.o(.text.UART_AdvFeatureConfig)
    UART_CheckIdleState                      0x08006815   Thumb Code    78  stm32wlxx_hal_uart.o(.text.UART_CheckIdleState)
    UART_SetConfig                           0x08006d51   Thumb Code   436  stm32wlxx_hal_uart.o(.text.UART_SetConfig)
    UART_Start_Receive_IT                    0x08006f3d   Thumb Code   252  stm32wlxx_hal_uart.o(.text.UART_Start_Receive_IT)
    UART_WaitOnFlagUntilTimeout              0x08007049   Thumb Code   202  stm32wlxx_hal_uart.o(.text.UART_WaitOnFlagUntilTimeout)
    USART2_IRQHandler                        0x08007115   Thumb Code     8  stm32wlxx_it.o(.text.USART2_IRQHandler)
    UTIL_ADV_TRACE_COND_FSend                0x08007121   Thumb Code   160  stm32_adv_trace.o(.text.UTIL_ADV_TRACE_COND_FSend)
    UTIL_ADV_TRACE_Init                      0x080071c5   Thumb Code    36  stm32_adv_trace.o(.text.UTIL_ADV_TRACE_Init)
    UTIL_ADV_TRACE_PostSendHook              0x080071f5   Thumb Code     8  sys_app.o(.text.UTIL_ADV_TRACE_PostSendHook)
    UTIL_ADV_TRACE_PreSendHook               0x080071fd   Thumb Code     8  sys_app.o(.text.UTIL_ADV_TRACE_PreSendHook)
    UTIL_ADV_TRACE_RegisterTimeStampFunction 0x08007205   Thumb Code     8  stm32_adv_trace.o(.text.UTIL_ADV_TRACE_RegisterTimeStampFunction)
    UTIL_ADV_TRACE_SetVerboseLevel           0x0800720d   Thumb Code     8  stm32_adv_trace.o(.text.UTIL_ADV_TRACE_SetVerboseLevel)
    UTIL_LPM_EnterLowPower                   0x08007219   Thumb Code    52  stm32_lpm.o(.text.UTIL_LPM_EnterLowPower)
    UTIL_LPM_Init                            0x08007251   Thumb Code    12  stm32_lpm.o(.text.UTIL_LPM_Init)
    UTIL_LPM_SetOffMode                      0x0800725d   Thumb Code    44  stm32_lpm.o(.text.UTIL_LPM_SetOffMode)
    UTIL_LPM_SetStopMode                     0x08007289   Thumb Code    44  stm32_lpm.o(.text.UTIL_LPM_SetStopMode)
    UTIL_MEM_cpy_8                           0x080072b9   Thumb Code    18  stm32_mem.o(.text.UTIL_MEM_cpy_8)
    UTIL_MEM_set_8                           0x080072cb   Thumb Code    14  stm32_mem.o(.text.UTIL_MEM_set_8)
    UTIL_SEQ_Idle                            0x080072d9   Thumb Code     4  sys_app.o(.text.UTIL_SEQ_Idle)
    UTIL_SEQ_PostIdle                        0x080072dd   Thumb Code     2  stm32_seq.o(.text.UTIL_SEQ_PostIdle)
    UTIL_SEQ_PreIdle                         0x080072df   Thumb Code     2  stm32_seq.o(.text.UTIL_SEQ_PreIdle)
    UTIL_SEQ_RegTask                         0x080072e1   Thumb Code    32  stm32_seq.o(.text.UTIL_SEQ_RegTask)
    UTIL_SEQ_Run                             0x08007301   Thumb Code   212  stm32_seq.o(.text.UTIL_SEQ_Run)
    UTIL_SEQ_SetTask                         0x080073d9   Thumb Code    36  stm32_seq.o(.text.UTIL_SEQ_SetTask)
    UTIL_TIMER_Create                        0x08007401   Thumb Code    52  stm32_timer.o(.text.UTIL_TIMER_Create)
    UTIL_TIMER_GetCurrentTime                0x08007435   Thumb Code    20  stm32_timer.o(.text.UTIL_TIMER_GetCurrentTime)
    UTIL_TIMER_GetElapsedTime                0x08007449   Thumb Code    32  stm32_timer.o(.text.UTIL_TIMER_GetElapsedTime)
    UTIL_TIMER_IRQ_Handler                   0x08007469   Thumb Code   128  stm32_timer.o(.text.UTIL_TIMER_IRQ_Handler)
    UTIL_TIMER_Init                          0x080074e9   Thumb Code    12  stm32_timer.o(.text.UTIL_TIMER_Init)
    UTIL_TIMER_SetPeriod                     0x080074f5   Thumb Code    48  stm32_timer.o(.text.UTIL_TIMER_SetPeriod)
    UTIL_TIMER_Start                         0x08007525   Thumb Code   108  stm32_timer.o(.text.UTIL_TIMER_Start)
    UTIL_TIMER_Stop                          0x08007591   Thumb Code    96  stm32_timer.o(.text.UTIL_TIMER_Stop)
    UsageFault_Handler                       0x080075f9   Thumb Code     2  stm32wlxx_it.o(.text.UsageFault_Handler)
    main                                     0x08007621   Thumb Code    60  main.o(.text.main)
    tiny_vsnprintf_like                      0x08007691   Thumb Code   612  stm32_tiny_vsnprintf.o(.text.tiny_vsnprintf_like)
    vcom_DeInit                              0x08007949   Thumb Code    36  usart_if.o(.text.vcom_DeInit)
    vcom_Init                                0x08007971   Thumb Code    28  usart_if.o(.text.vcom_Init)
    vcom_ReceiveInit                         0x08007995   Thumb Code    64  usart_if.o(.text.vcom_ReceiveInit)
    vcom_Resume                              0x080079d9   Thumb Code    32  usart_if.o(.text.vcom_Resume)
    vcom_Trace_DMA                           0x080079fd   Thumb Code    16  usart_if.o(.text.vcom_Trace_DMA)
    __scatterload_copy                       0x08007a11   Thumb Code    14  handlers.o(i.__scatterload_copy)
    __scatterload_null                       0x08007a1f   Thumb Code     2  handlers.o(i.__scatterload_null)
    __scatterload_zeroinit                   0x08007a21   Thumb Code    14  handlers.o(i.__scatterload_zeroinit)
    AHBPrescTable                            0x08007a48   Data          64  system_stm32wlxx.o(.rodata.AHBPrescTable)
    APBPrescTable                            0x08007a88   Data          32  system_stm32wlxx.o(.rodata.APBPrescTable)
    Bandwidths                               0x08007aa8   Data           3  radio.o(.rodata.Bandwidths)
    MSIRangeTable                            0x08007b5c   Data          64  system_stm32wlxx.o(.rodata.MSIRangeTable)
    Radio                                    0x08007b9c   Data         140  radio.o(.rodata.Radio)
    SEQ_clz_table_4bit                       0x08007c28   Data          16  stm32_seq.o(.rodata.SEQ_clz_table_4bit)
    UARTPrescTable                           0x08007c38   Data          24  stm32wlxx_hal_uart.o(.rodata.UARTPrescTable)
    UTIL_PowerDriver                         0x08007c50   Data          24  stm32_lpm_if.o(.rodata.UTIL_PowerDriver)
    UTIL_SYSTIMDriver                        0x08007c68   Data          20  timer_if.o(.rodata.UTIL_SYSTIMDriver)
    UTIL_TimerDriver                         0x08007c7c   Data          44  timer_if.o(.rodata.UTIL_TimerDriver)
    UTIL_TraceDriver                         0x08007ca8   Data          16  usart_if.o(.rodata.UTIL_TraceDriver)
    Region$$Table$$Base                      0x08007d38   Number         0  anon$$obj.o(Region$$Table)
    Region$$Table$$Limit                     0x08007d58   Number         0  anon$$obj.o(Region$$Table)
    uwTickFreq                               0x20000000   Data           1  stm32wlxx_hal.o(.data..L_MergedGlobals)
    uwTickPrio                               0x20000004   Data           4  stm32wlxx_hal.o(.data..L_MergedGlobals)
    ID                                       0x20000010   Data           4  main.o(.data.ID)
    SystemCoreClock                          0x20000018   Data           4  system_stm32wlxx.o(.data.SystemCoreClock)
    isMaster                                 0x2000001c   Data           1  subghz_phy_app.o(.data.isMaster)
    temp                                     0x20000020   Data           4  main.o(.bss..L_MergedGlobals)
    humid                                    0x20000024   Data           4  main.o(.bss..L_MergedGlobals)
    charRx                                   0x20000028   Data           1  usart_if.o(.bss..L_MergedGlobals)
    RssiValue                                0x20000030   Data           1  subghz_phy_app.o(.bss..L_MergedGlobals)
    SnrValue                                 0x20000031   Data           1  subghz_phy_app.o(.bss..L_MergedGlobals)
    RxBufferSize                             0x20000034   Data           2  subghz_phy_app.o(.bss..L_MergedGlobals)
    TxTimeoutTimer                           0x20000074   Data          24  radio.o(.bss..L_MergedGlobals)
    RxTimeoutTimer                           0x2000008c   Data          24  radio.o(.bss..L_MergedGlobals)
    FrequencyError                           0x200000a8   Data           4  radio_driver.o(.bss..L_MergedGlobals)
    H0_T0_out                                0x200000b8   Data           2  hts221.o(.bss..L_MergedGlobals)
    H1_T0_out                                0x200000ba   Data           2  hts221.o(.bss..L_MergedGlobals)
    T0_out                                   0x200000bc   Data           2  hts221.o(.bss..L_MergedGlobals)
    T1_out                                   0x200000be   Data           2  hts221.o(.bss..L_MergedGlobals)
    H1_rh                                    0x200000c0   Data           4  hts221.o(.bss..L_MergedGlobals)
    H0_rh                                    0x200000c4   Data           4  hts221.o(.bss..L_MergedGlobals)
    T1_degC                                  0x200000c8   Data           4  hts221.o(.bss..L_MergedGlobals)
    T0_degC                                  0x200000cc   Data           4  hts221.o(.bss..L_MergedGlobals)
    BufferTx                                 0x20000404   Data         255  main.o(.bss.BufferTx)
    SubgRf                                   0x2000060c   Data          92  radio.o(.bss.SubgRf)
    hdma_usart2_tx                           0x20000670   Data          96  usart.o(.bss.hdma_usart2_tx)
    hi2c3                                    0x200006d0   Data          84  i2c.o(.bss.hi2c3)
    hrtc                                     0x20000724   Data          56  rtc.o(.bss.hrtc)
    hsubghz                                  0x2000075c   Data          12  subghz.o(.bss.hsubghz)
    huart2                                   0x20000768   Data         148  usart.o(.bss.huart2)
    __initial_sp                             0x20001100   Data           0  startup_stm32wl55xx_cm4.o(STACK)



==============================================================================

Memory Map of the image

  Image Entry point : 0x08000139

  Load Region LR_IROM1 (Base: 0x08000000, Size: 0x00007d78, Max: 0x00040000, ABSOLUTE)

    Execution Region ER_IROM1 (Exec base: 0x08000000, Load base: 0x08000000, Size: 0x00007d58, Max: 0x00040000, ABSOLUTE)

    Exec Addr    Load Addr    Size         Type   Attr      Idx    E Section Name        Object

    0x08000000   0x08000000   0x00000138   Data   RO            4    RESET               startup_stm32wl55xx_cm4.o
    0x08000138   0x08000138   0x00000000   Code   RO         2668  * .ARM.Collect$$$$00000000  mc_w.l(entry.o)
    0x08000138   0x08000138   0x00000004   Code   RO         2709    .ARM.Collect$$$$00000001  mc_w.l(entry2.o)
    0x0800013c   0x0800013c   0x00000004   Code   RO         2712    .ARM.Collect$$$$00000004  mc_w.l(entry5.o)
    0x08000140   0x08000140   0x00000000   Code   RO         2714    .ARM.Collect$$$$00000008  mc_w.l(entry7b.o)
    0x08000140   0x08000140   0x00000000   Code   RO         2716    .ARM.Collect$$$$0000000A  mc_w.l(entry8b.o)
    0x08000140   0x08000140   0x00000008   Code   RO         2717    .ARM.Collect$$$$0000000B  mc_w.l(entry9a.o)
    0x08000148   0x08000148   0x00000000   Code   RO         2719    .ARM.Collect$$$$0000000D  mc_w.l(entry10a.o)
    0x08000148   0x08000148   0x00000000   Code   RO         2721    .ARM.Collect$$$$0000000F  mc_w.l(entry11a.o)
    0x08000148   0x08000148   0x00000004   Code   RO         2710    .ARM.Collect$$$$00002712  mc_w.l(entry2.o)
    0x0800014c   0x0800014c   0x00000024   Code   RO            5    .text               startup_stm32wl55xx_cm4.o
    0x08000170   0x08000170   0x00000062   Code   RO         2671    .text               mc_w.l(uldiv.o)
    0x080001d2   0x080001d2   0x00000024   Code   RO         2673    .text               mc_w.l(memcpya.o)
    0x080001f6   0x080001f6   0x00000024   Code   RO         2675    .text               mc_w.l(memseta.o)
    0x0800021a   0x0800021a   0x0000000e   Code   RO         2677    .text               mc_w.l(strlen.o)
    0x08000228   0x08000228   0x000000b0   Code   RO         2681    .text               mf_w.l(fadd.o)
    0x080002d8   0x080002d8   0x00000064   Code   RO         2683    .text               mf_w.l(fmul.o)
    0x0800033c   0x0800033c   0x0000007c   Code   RO         2685    .text               mf_w.l(fdiv.o)
    0x080003b8   0x080003b8   0x000000e4   Code   RO         2687    .text               mf_w.l(dmul.o)
    0x0800049c   0x0800049c   0x000000de   Code   RO         2689    .text               mf_w.l(ddiv.o)
    0x0800057a   0x0800057a   0x0000001c   Code   RO         2691    .text               mf_w.l(fcmple.o)
    0x08000596   0x08000596   0x0000001c   Code   RO         2693    .text               mf_w.l(fcmplt.o)
    0x080005b2   0x080005b2   0x00000012   Code   RO         2697    .text               mf_w.l(fflti.o)
    0x080005c4   0x080005c4   0x0000000a   Code   RO         2699    .text               mf_w.l(ffltui.o)
    0x080005ce   0x080005ce   0x00000022   Code   RO         2701    .text               mf_w.l(dflti.o)
    0x080005f0   0x080005f0   0x0000003e   Code   RO         2703    .text               mf_w.l(dfixi.o)
    0x0800062e   0x0800062e   0x00000026   Code   RO         2705    .text               mf_w.l(f2d.o)
    0x08000654   0x08000654   0x00000038   Code   RO         2707    .text               mf_w.l(d2f.o)
    0x0800068c   0x0800068c   0x0000001e   Code   RO         2723    .text               mc_w.l(llshl.o)
    0x080006aa   0x080006aa   0x00000020   Code   RO         2725    .text               mc_w.l(llushr.o)
    0x080006ca   0x080006ca   0x00000000   Code   RO         2727    .text               mc_w.l(iusefp.o)
    0x080006ca   0x080006ca   0x0000006e   Code   RO         2728    .text               mf_w.l(fepilogue.o)
    0x08000738   0x08000738   0x000000ba   Code   RO         2730    .text               mf_w.l(depilogue.o)
    0x080007f2   0x080007f2   0x00000002   PAD
    0x080007f4   0x080007f4   0x00000024   Code   RO         2732    .text               mc_w.l(init.o)
    0x08000818   0x08000818   0x00000044   Code   RO          420    .text.BSP_RADIO_ConfigRFSwitch  stm32wlxx_nucleo_radio.o
    0x0800085c   0x0800085c   0x0000000c   Code   RO          428    .text.BSP_RADIO_GetRFOMaxPowerConfig  stm32wlxx_nucleo_radio.o
    0x08000868   0x08000868   0x00000004   Code   RO          422    .text.BSP_RADIO_GetTxConfig  stm32wlxx_nucleo_radio.o
    0x0800086c   0x0800086c   0x00000068   Code   RO          414    .text.BSP_RADIO_Init  stm32wlxx_nucleo_radio.o
    0x080008d4   0x080008d4   0x00000004   Code   RO          426    .text.BSP_RADIO_IsDCDC  stm32wlxx_nucleo_radio.o
    0x080008d8   0x080008d8   0x00000004   Code   RO          424    .text.BSP_RADIO_IsTCXO  stm32wlxx_nucleo_radio.o
    0x080008dc   0x080008dc   0x00000002   Code   RO          248    .text.BusFault_Handler  stm32wlxx_it.o
    0x080008de   0x080008de   0x00000002   PAD
    0x080008e0   0x080008e0   0x00000068   Code   RO          130    .text.DBG_Init      sys_debug.o
    0x08000948   0x08000948   0x0000000c   Code   RO          262    .text.DMA1_Channel5_IRQHandler  stm32wlxx_it.o
    0x08000954   0x08000954   0x0000004c   Code   RO          646    .text.DMA_CalcDMAMUXChannelBaseAndMask  stm32wlxx_hal_dma.o
    0x080009a0   0x080009a0   0x00000028   Code   RO          648    .text.DMA_CalcDMAMUXRequestGenBaseAndMask  stm32wlxx_hal_dma.o
    0x080009c8   0x080009c8   0x0000003a   Code   RO          654    .text.DMA_SetConfig  stm32wlxx_hal_dma.o
    0x08000a02   0x08000a02   0x00000002   Code   RO          254    .text.DebugMon_Handler  stm32wlxx_it.o
    0x08000a04   0x08000a04   0x00000008   Code   RO           16    .text.Error_Handler  main.o
    0x08000a0c   0x08000a0c   0x00000014   Code   RO          173    .text.GetTimerTicks  timer_if.o
    0x08000a20   0x08000a20   0x00000008   Code   RO          938    .text.HAL_DBGMCU_DisableDBGSleepMode  stm32wlxx_hal.o
    0x08000a28   0x08000a28   0x0000000c   Code   RO          946    .text.HAL_DBGMCU_DisableDBGStandbyMode  stm32wlxx_hal.o
    0x08000a34   0x08000a34   0x0000000c   Code   RO          942    .text.HAL_DBGMCU_DisableDBGStopMode  stm32wlxx_hal.o
    0x08000a40   0x08000a40   0x00000070   Code   RO          658    .text.HAL_DMA_Abort  stm32wlxx_hal_dma.o
    0x08000ab0   0x08000ab0   0x0000006c   Code   RO          660    .text.HAL_DMA_Abort_IT  stm32wlxx_hal_dma.o
    0x08000b1c   0x08000b1c   0x00000020   Code   RO          674    .text.HAL_DMA_ConfigChannelAttributes  stm32wlxx_hal_dma.o
    0x08000b3c   0x08000b3c   0x000000a8   Code   RO          650    .text.HAL_DMA_DeInit  stm32wlxx_hal_dma.o
    0x08000be4   0x08000be4   0x000000a4   Code   RO          664    .text.HAL_DMA_IRQHandler  stm32wlxx_hal_dma.o
    0x08000c88   0x08000c88   0x000000c0   Code   RO          644    .text.HAL_DMA_Init  stm32wlxx_hal_dma.o
    0x08000d48   0x08000d48   0x00000082   Code   RO          656    .text.HAL_DMA_Start_IT  stm32wlxx_hal_dma.o
    0x08000dca   0x08000dca   0x0000000c   Code   RO          117    .text.HAL_Delay     sys_app.o
    0x08000dd6   0x08000dd6   0x00000002   PAD
    0x08000dd8   0x08000dd8   0x000000ec   Code   RO          620    .text.HAL_GPIO_DeInit  stm32wlxx_hal_gpio.o
    0x08000ec4   0x08000ec4   0x00000188   Code   RO          618    .text.HAL_GPIO_Init  stm32wlxx_hal_gpio.o
    0x0800104c   0x0800104c   0x00000010   Code   RO          628    .text.HAL_GPIO_TogglePin  stm32wlxx_hal_gpio.o
    0x0800105c   0x0800105c   0x0000000c   Code   RO          624    .text.HAL_GPIO_WritePin  stm32wlxx_hal_gpio.o
    0x08001068   0x08001068   0x00000014   Code   RO          115    .text.HAL_GetTick   sys_app.o
    0x0800107c   0x0800107c   0x0000003c   Code   RO         1953    .text.HAL_I2CEx_ConfigAnalogFilter  stm32wlxx_hal_i2c_ex.o
    0x080010b8   0x080010b8   0x0000003a   Code   RO         1955    .text.HAL_I2CEx_ConfigDigitalFilter  stm32wlxx_hal_i2c_ex.o
    0x080010f2   0x080010f2   0x00000002   PAD
    0x080010f4   0x080010f4   0x0000009c   Code   RO         1605    .text.HAL_I2C_Init  stm32wlxx_hal_i2c.o
    0x08001190   0x08001190   0x0000011c   Code   RO         1671    .text.HAL_I2C_Mem_Read  stm32wlxx_hal_i2c.o
    0x080012ac   0x080012ac   0x00000108   Code   RO         1669    .text.HAL_I2C_Mem_Write  stm32wlxx_hal_i2c.o
    0x080013b4   0x080013b4   0x000000ac   Code   RO          287    .text.HAL_I2C_MspInit  i2c.o
    0x08001460   0x08001460   0x00000024   Code   RO          898    .text.HAL_Init      stm32wlxx_hal.o
    0x08001484   0x08001484   0x00000004   Code   RO          113    .text.HAL_InitTick  sys_app.o
    0x08001488   0x08001488   0x00000002   Code   RO          277    .text.HAL_MspInit   stm32wlxx_hal_msp.o
    0x0800148a   0x0800148a   0x00000002   PAD
    0x0800148c   0x0800148c   0x00000024   Code   RO          856    .text.HAL_NVIC_DisableIRQ  stm32wlxx_hal_cortex.o
    0x080014b0   0x080014b0   0x0000001c   Code   RO          854    .text.HAL_NVIC_EnableIRQ  stm32wlxx_hal_cortex.o
    0x080014cc   0x080014cc   0x00000038   Code   RO          850    .text.HAL_NVIC_SetPriority  stm32wlxx_hal_cortex.o
    0x08001504   0x08001504   0x00000020   Code   RO          848    .text.HAL_NVIC_SetPriorityGrouping  stm32wlxx_hal_cortex.o
    0x08001524   0x08001524   0x0000003c   Code   RO          814    .text.HAL_PWREx_DisableLowPowerRunMode  stm32wlxx_hal_pwr_ex.o
    0x08001560   0x08001560   0x00000008   Code   RO          812    .text.HAL_PWREx_EnableLowPowerRunMode  stm32wlxx_hal_pwr_ex.o
    0x08001568   0x08001568   0x00000028   Code   RO          820    .text.HAL_PWREx_EnterSTOP2Mode  stm32wlxx_hal_pwr_ex.o
    0x08001590   0x08001590   0x0000000c   Code   RO          746    .text.HAL_PWREx_GetVoltageRange  stm32wlxx_hal_pwr_ex.o
    0x0800159c   0x0800159c   0x00000010   Code   RO          708    .text.HAL_PWR_EnableBkUpAccess  stm32wlxx_hal_pwr.o
    0x080015ac   0x080015ac   0x00000044   Code   RO          722    .text.HAL_PWR_EnterSLEEPMode  stm32wlxx_hal_pwr.o
    0x080015f0   0x080015f0   0x0000015c   Code   RO          497    .text.HAL_RCCEx_PeriphCLKConfig  stm32wlxx_hal_rcc_ex.o
    0x0800174c   0x0800174c   0x000001e4   Code   RO          446    .text.HAL_RCC_ClockConfig  stm32wlxx_hal_rcc.o
    0x08001930   0x08001930   0x00000020   Code   RO          444    .text.HAL_RCC_GetHCLKFreq  stm32wlxx_hal_rcc.o
    0x08001950   0x08001950   0x00000018   Code   RO          456    .text.HAL_RCC_GetPCLK1Freq  stm32wlxx_hal_rcc.o
    0x08001968   0x08001968   0x00000020   Code   RO          458    .text.HAL_RCC_GetPCLK2Freq  stm32wlxx_hal_rcc.o
    0x08001988   0x08001988   0x000000e8   Code   RO          450    .text.HAL_RCC_GetSysClockFreq  stm32wlxx_hal_rcc.o
    0x08001a70   0x08001a70   0x0000051c   Code   RO          440    .text.HAL_RCC_OscConfig  stm32wlxx_hal_rcc.o
    0x08001f8c   0x08001f8c   0x00000002   Code   RO         1156    .text.HAL_RTCEx_AlarmBEventCallback  stm32wlxx_hal_rtc_ex.o
    0x08001f8e   0x08001f8e   0x00000002   PAD
    0x08001f90   0x08001f90   0x00000008   Code   RO         1194    .text.HAL_RTCEx_BKUPRead  stm32wlxx_hal_rtc_ex.o
    0x08001f98   0x08001f98   0x0000000c   Code   RO         1192    .text.HAL_RTCEx_BKUPWrite  stm32wlxx_hal_rtc_ex.o
    0x08001fa4   0x08001fa4   0x0000002c   Code   RO         1140    .text.HAL_RTCEx_EnableBypassShadow  stm32wlxx_hal_rtc_ex.o
    0x08001fd0   0x08001fd0   0x00000010   Code   RO          179    .text.HAL_RTCEx_SSRUEventCallback  timer_if.o
    0x08001fe0   0x08001fe0   0x00000020   Code   RO         1152    .text.HAL_RTCEx_SSRUIRQHandler  stm32wlxx_hal_rtc_ex.o
    0x08002000   0x08002000   0x00000034   Code   RO         1148    .text.HAL_RTCEx_SetSSRU_IT  stm32wlxx_hal_rtc_ex.o
    0x08002034   0x08002034   0x00000004   Code   RO          177    .text.HAL_RTC_AlarmAEventCallback  timer_if.o
    0x08002038   0x08002038   0x00000038   Code   RO         1054    .text.HAL_RTC_AlarmIRQHandler  stm32wlxx_hal_rtc.o
    0x08002070   0x08002070   0x00000070   Code   RO         1050    .text.HAL_RTC_DeactivateAlarm  stm32wlxx_hal_rtc.o
    0x080020e0   0x080020e0   0x0000009c   Code   RO         1012    .text.HAL_RTC_Init  stm32wlxx_hal_rtc.o
    0x0800217c   0x0800217c   0x00000078   Code   RO           55    .text.HAL_RTC_MspInit  rtc.o
    0x080021f4   0x080021f4   0x000000d0   Code   RO         1048    .text.HAL_RTC_SetAlarm_IT  stm32wlxx_hal_rtc.o
    0x080022c4   0x080022c4   0x00000034   Code   RO         1060    .text.HAL_RTC_WaitForSynchro  stm32wlxx_hal_rtc.o
    0x080022f8   0x080022f8   0x0000000c   Code   RO          922    .text.HAL_ResumeTick  stm32wlxx_hal.o
    0x08002304   0x08002304   0x0000001c   Code   RO         2253    .text.HAL_SUBGHZ_CADStatusCallback  radio_driver.o
    0x08002320   0x08002320   0x00000008   Code   RO         2251    .text.HAL_SUBGHZ_CRCErrorCallback  radio_driver.o
    0x08002328   0x08002328   0x00000054   Code   RO         1262    .text.HAL_SUBGHZ_ExecGetCmd  stm32wlxx_hal_subghz.o
    0x0800237c   0x0800237c   0x00000070   Code   RO         1260    .text.HAL_SUBGHZ_ExecSetCmd  stm32wlxx_hal_subghz.o
    0x080023ec   0x080023ec   0x00000008   Code   RO         2257    .text.HAL_SUBGHZ_HeaderErrorCallback  radio_driver.o
    0x080023f4   0x080023f4   0x00000008   Code   RO         2263    .text.HAL_SUBGHZ_HeaderValidCallback  radio_driver.o
    0x080023fc   0x080023fc   0x00000098   Code   RO         1268    .text.HAL_SUBGHZ_IRQHandler  stm32wlxx_hal_subghz.o
    0x08002494   0x08002494   0x000000b4   Code   RO         1232    .text.HAL_SUBGHZ_Init  stm32wlxx_hal_subghz.o
    0x08002548   0x08002548   0x0000000c   Code   RO         2265    .text.HAL_SUBGHZ_LrFhssHopCallback  radio_driver.o
    0x08002554   0x08002554   0x00000030   Code   RO           70    .text.HAL_SUBGHZ_MspInit  subghz.o
    0x08002584   0x08002584   0x00000008   Code   RO         2259    .text.HAL_SUBGHZ_PreambleDetectedCallback  radio_driver.o
    0x0800258c   0x0800258c   0x00000058   Code   RO         1266    .text.HAL_SUBGHZ_ReadBuffer  stm32wlxx_hal_subghz.o
    0x080025e4   0x080025e4   0x00000060   Code   RO         1252    .text.HAL_SUBGHZ_ReadRegisters  stm32wlxx_hal_subghz.o
    0x08002644   0x08002644   0x00000008   Code   RO         2249    .text.HAL_SUBGHZ_RxCpltCallback  radio_driver.o
    0x0800264c   0x0800264c   0x0000000c   Code   RO         2255    .text.HAL_SUBGHZ_RxTxTimeoutCallback  radio_driver.o
    0x08002658   0x08002658   0x00000008   Code   RO         2261    .text.HAL_SUBGHZ_SyncWordValidCallback  radio_driver.o
    0x08002660   0x08002660   0x0000000c   Code   RO         2247    .text.HAL_SUBGHZ_TxCpltCallback  radio_driver.o
    0x0800266c   0x0800266c   0x00000054   Code   RO         1264    .text.HAL_SUBGHZ_WriteBuffer  stm32wlxx_hal_subghz.o
    0x080026c0   0x080026c0   0x00000070   Code   RO         1244    .text.HAL_SUBGHZ_WriteRegisters  stm32wlxx_hal_subghz.o
    0x08002730   0x08002730   0x0000000c   Code   RO          920    .text.HAL_SuspendTick  stm32wlxx_hal.o
    0x0800273c   0x0800273c   0x00000044   Code   RO         1566    .text.HAL_UARTEx_EnableFifoMode  stm32wlxx_hal_uart_ex.o
    0x08002780   0x08002780   0x00000030   Code   RO         1562    .text.HAL_UARTEx_EnableStopMode  stm32wlxx_hal_uart_ex.o
    0x080027b0   0x080027b0   0x00000002   Code   RO         1418    .text.HAL_UARTEx_RxEventCallback  stm32wlxx_hal_uart.o
    0x080027b2   0x080027b2   0x00000002   Code   RO         1554    .text.HAL_UARTEx_RxFifoFullCallback  stm32wlxx_hal_uart_ex.o
    0x080027b4   0x080027b4   0x0000001c   Code   RO         1574    .text.HAL_UARTEx_SetRxFifoThreshold  stm32wlxx_hal_uart_ex.o
    0x080027d0   0x080027d0   0x0000001c   Code   RO         1572    .text.HAL_UARTEx_SetTxFifoThreshold  stm32wlxx_hal_uart_ex.o
    0x080027ec   0x080027ec   0x0000007c   Code   RO         1560    .text.HAL_UARTEx_StopModeWakeUpSourceConfig  stm32wlxx_hal_uart_ex.o
    0x08002868   0x08002868   0x00000002   Code   RO         1556    .text.HAL_UARTEx_TxFifoEmptyCallback  stm32wlxx_hal_uart_ex.o
    0x0800286a   0x0800286a   0x00000002   Code   RO         1552    .text.HAL_UARTEx_WakeupCallback  stm32wlxx_hal_uart_ex.o
    0x0800286c   0x0800286c   0x00000002   Code   RO         1416    .text.HAL_UART_ErrorCallback  stm32wlxx_hal_uart.o
    0x0800286e   0x0800286e   0x00000002   PAD
    0x08002870   0x08002870   0x000002cc   Code   RO         1412    .text.HAL_UART_IRQHandler  stm32wlxx_hal_uart.o
    0x08002b3c   0x08002b3c   0x0000003a   Code   RO         1324    .text.HAL_UART_Init  stm32wlxx_hal_uart.o
    0x08002b76   0x08002b76   0x00000002   PAD
    0x08002b78   0x08002b78   0x00000038   Code   RO          230    .text.HAL_UART_MspDeInit  usart.o
    0x08002bb0   0x08002bb0   0x000000d4   Code   RO          228    .text.HAL_UART_MspInit  usart.o
    0x08002c84   0x08002c84   0x00000040   Code   RO         1360    .text.HAL_UART_Receive_IT  stm32wlxx_hal_uart.o
    0x08002cc4   0x08002cc4   0x00000034   Code   RO          213    .text.HAL_UART_RxCpltCallback  usart_if.o
    0x08002cf8   0x08002cf8   0x00000084   Code   RO         1364    .text.HAL_UART_Transmit_DMA  stm32wlxx_hal_uart.o
    0x08002d7c   0x08002d7c   0x0000001c   Code   RO          211    .text.HAL_UART_TxCpltCallback  usart_if.o
    0x08002d98   0x08002d98   0x00000002   Code   RO         1422    .text.HAL_UART_TxHalfCpltCallback  stm32wlxx_hal_uart.o
    0x08002d9a   0x08002d9a   0x00000002   PAD
    0x08002d9c   0x08002d9c   0x000000e8   Code   RO         2601    .text.HTS221_GetHumidity  hts221.o
    0x08002e84   0x08002e84   0x000000c4   Code   RO         2603    .text.HTS221_GetTemperature  hts221.o
    0x08002f48   0x08002f48   0x000001a4   Code   RO         2593    .text.HTS221_Init   hts221.o
    0x080030ec   0x080030ec   0x00000036   Code   RO         2595    .text.HTS221_Power_On  hts221.o
    0x08003122   0x08003122   0x00000002   Code   RO          244    .text.HardFault_Handler  stm32wlxx_it.o
    0x08003124   0x08003124   0x0000001c   Code   RO         1629    .text.I2C_Flush_TXDR  stm32wlxx_hal_i2c.o
    0x08003140   0x08003140   0x00000020   Code   RO         2652    .text.I2C_IO_Read   driver_i2c.o
    0x08003160   0x08003160   0x00000020   Code   RO         2654    .text.I2C_IO_Write  driver_i2c.o
    0x08003180   0x08003180   0x000000e8   Code   RO         1761    .text.I2C_IsErrorOccurred  stm32wlxx_hal_i2c.o
    0x08003268   0x08003268   0x0000002c   Code   RO         1617    .text.I2C_TransferConfig  stm32wlxx_hal_i2c.o
    0x08003294   0x08003294   0x00000062   Code   RO         1615    .text.I2C_WaitOnFlagUntilTimeout  stm32wlxx_hal_i2c.o
    0x080032f6   0x080032f6   0x00000036   Code   RO         1621    .text.I2C_WaitOnSTOPFlagUntilTimeout  stm32wlxx_hal_i2c.o
    0x0800332c   0x0800332c   0x0000003c   Code   RO         1619    .text.I2C_WaitOnTXISFlagUntilTimeout  stm32wlxx_hal_i2c.o
    0x08003368   0x08003368   0x0000001c   Code   RO           43    .text.LL_AHB1_GRP1_EnableClock  dma.o
    0x08003384   0x08003384   0x00000018   Code   RO           31    .text.LL_AHB2_GRP1_EnableClock  gpio.o
    0x0800339c   0x0800339c   0x0000001c   Code   RO          132    .text.LL_AHB2_GRP1_EnableClock  sys_debug.o
    0x080033b8   0x080033b8   0x00000018   Code   RO          289    .text.LL_AHB2_GRP1_EnableClock  i2c.o
    0x080033d0   0x080033d0   0x00000020   Code   RO          416    .text.LL_AHB2_GRP1_EnableClock  stm32wlxx_nucleo_radio.o
    0x080033f0   0x080033f0   0x00000020   Code   RO          499    .text.LL_RCC_SetI2CClockSource  stm32wlxx_hal_rcc_ex.o
    0x08003410   0x08003410   0x00000022   Code   RO           41    .text.MX_DMA_Init   dma.o
    0x08003432   0x08003432   0x00000002   PAD
    0x08003434   0x08003434   0x00000094   Code   RO           29    .text.MX_GPIO_Init  gpio.o
    0x080034c8   0x080034c8   0x00000058   Code   RO          285    .text.MX_I2C3_Init  i2c.o
    0x08003520   0x08003520   0x00000074   Code   RO           53    .text.MX_RTC_Init   rtc.o
    0x08003594   0x08003594   0x0000001c   Code   RO           68    .text.MX_SUBGHZ_Init  subghz.o
    0x080035b0   0x080035b0   0x0000000e   Code   RO          302    .text.MX_SubGHz_Phy_Init  app_subghz_phy.o
    0x080035be   0x080035be   0x00000008   Code   RO          304    .text.MX_SubGHz_Phy_Process  app_subghz_phy.o
    0x080035c6   0x080035c6   0x00000002   PAD
    0x080035c8   0x080035c8   0x00000068   Code   RO          226    .text.MX_USART2_UART_Init  usart.o
    0x08003630   0x08003630   0x00000002   Code   RO          246    .text.MemManage_Handler  stm32wlxx_it.o
    0x08003632   0x08003632   0x00000002   Code   RO          242    .text.NMI_Handler   stm32wlxx_it.o
    0x08003634   0x08003634   0x00000010   Code   RO          183    .text.OUTLINED_FUNCTION_0  timer_if.o
    0x08003644   0x08003644   0x0000000a   Code   RO          329    .text.OUTLINED_FUNCTION_0  subghz_phy_app.o
    0x0800364e   0x0800364e   0x00000028   Code   RO          472    .text.OUTLINED_FUNCTION_0  stm32wlxx_hal_rcc.o
    0x08003676   0x08003676   0x00000014   Code   RO          527    .text.OUTLINED_FUNCTION_0  stm32wlxx_hal_rcc_ex.o
    0x0800368a   0x0800368a   0x0000000e   Code   RO          678    .text.OUTLINED_FUNCTION_0  stm32wlxx_hal_dma.o
    0x08003698   0x08003698   0x0000000a   Code   RO          828    .text.OUTLINED_FUNCTION_0  stm32wlxx_hal_pwr_ex.o
    0x080036a2   0x080036a2   0x0000000a   Code   RO          968    .text.OUTLINED_FUNCTION_0  stm32wlxx_hal.o
    0x080036ac   0x080036ac   0x00000026   Code   RO         1064    .text.OUTLINED_FUNCTION_0  stm32wlxx_hal_rtc.o
    0x080036d2   0x080036d2   0x00000012   Code   RO         1196    .text.OUTLINED_FUNCTION_0  stm32wlxx_hal_rtc_ex.o
    0x080036e4   0x080036e4   0x0000000e   Code   RO         1294    .text.OUTLINED_FUNCTION_0  stm32wlxx_hal_subghz.o
    0x080036f2   0x080036f2   0x00000014   Code   RO         1462    .text.OUTLINED_FUNCTION_0  stm32wlxx_hal_uart.o
    0x08003706   0x08003706   0x0000001c   Code   RO         1584    .text.OUTLINED_FUNCTION_0  stm32wlxx_hal_uart_ex.o
    0x08003722   0x08003722   0x00000018   Code   RO         1965    .text.OUTLINED_FUNCTION_0  stm32wlxx_hal_i2c_ex.o
    0x0800373a   0x0800373a   0x0000000a   Code   RO         2099    .text.OUTLINED_FUNCTION_0  radio.o
    0x08003744   0x08003744   0x00000016   Code   RO         2271    .text.OUTLINED_FUNCTION_0  radio_driver.o
    0x0800375a   0x0800375a   0x00000006   Code   RO         2313    .text.OUTLINED_FUNCTION_0  radio_fw.o
    0x08003760   0x08003760   0x00000008   Code   RO         2617    .text.OUTLINED_FUNCTION_0  hts221.o
    0x08003768   0x08003768   0x00000012   Code   RO         2656    .text.OUTLINED_FUNCTION_0  driver_i2c.o
    0x0800377a   0x0800377a   0x0000000a   Code   RO          185    .text.OUTLINED_FUNCTION_1  timer_if.o
    0x08003784   0x08003784   0x0000000a   Code   RO          331    .text.OUTLINED_FUNCTION_1  subghz_phy_app.o
    0x0800378e   0x0800378e   0x00000006   Code   RO          474    .text.OUTLINED_FUNCTION_1  stm32wlxx_hal_rcc.o
    0x08003794   0x08003794   0x0000000a   Code   RO          970    .text.OUTLINED_FUNCTION_1  stm32wlxx_hal.o
    0x0800379e   0x0800379e   0x0000000e   Code   RO         1066    .text.OUTLINED_FUNCTION_1  stm32wlxx_hal_rtc.o
    0x080037ac   0x080037ac   0x00000010   Code   RO         1296    .text.OUTLINED_FUNCTION_1  stm32wlxx_hal_subghz.o
    0x080037bc   0x080037bc   0x00000016   Code   RO         1464    .text.OUTLINED_FUNCTION_1  stm32wlxx_hal_uart.o
    0x080037d2   0x080037d2   0x00000012   Code   RO         1586    .text.OUTLINED_FUNCTION_1  stm32wlxx_hal_uart_ex.o
    0x080037e4   0x080037e4   0x0000000a   Code   RO         1765    .text.OUTLINED_FUNCTION_1  stm32wlxx_hal_i2c.o
    0x080037ee   0x080037ee   0x00000008   Code   RO         2101    .text.OUTLINED_FUNCTION_1  radio.o
    0x080037f6   0x080037f6   0x00000006   Code   RO         2273    .text.OUTLINED_FUNCTION_1  radio_driver.o
    0x080037fc   0x080037fc   0x00000016   Code   RO         2619    .text.OUTLINED_FUNCTION_1  hts221.o
    0x08003812   0x08003812   0x0000000c   Code   RO         2658    .text.OUTLINED_FUNCTION_1  driver_i2c.o
    0x0800381e   0x0800381e   0x00000006   Code   RO         1084    .text.OUTLINED_FUNCTION_10  stm32wlxx_hal_rtc.o
    0x08003824   0x08003824   0x00000014   Code   RO         1482    .text.OUTLINED_FUNCTION_10  stm32wlxx_hal_uart.o
    0x08003838   0x08003838   0x00000006   Code   RO         2637    .text.OUTLINED_FUNCTION_10  hts221.o
    0x0800383e   0x0800383e   0x0000000e   Code   RO         2639    .text.OUTLINED_FUNCTION_11  hts221.o
    0x0800384c   0x0800384c   0x0000000c   Code   RO         1486    .text.OUTLINED_FUNCTION_12  stm32wlxx_hal_uart.o
    0x08003858   0x08003858   0x00000014   Code   RO         1787    .text.OUTLINED_FUNCTION_12  stm32wlxx_hal_i2c.o
    0x0800386c   0x0800386c   0x0000000a   Code   RO         2641    .text.OUTLINED_FUNCTION_12  hts221.o
    0x08003876   0x08003876   0x0000000c   Code   RO         1222    .text.OUTLINED_FUNCTION_13  stm32wlxx_hal_rtc_ex.o
    0x08003882   0x08003882   0x00000018   Code   RO         1488    .text.OUTLINED_FUNCTION_13  stm32wlxx_hal_uart.o
    0x0800389a   0x0800389a   0x00000008   Code   RO         1789    .text.OUTLINED_FUNCTION_13  stm32wlxx_hal_i2c.o
    0x080038a2   0x080038a2   0x00000012   Code   RO         1490    .text.OUTLINED_FUNCTION_14  stm32wlxx_hal_uart.o
    0x080038b4   0x080038b4   0x00000020   Code   RO         1791    .text.OUTLINED_FUNCTION_14  stm32wlxx_hal_i2c.o
    0x080038d4   0x080038d4   0x00000008   Code   RO         1494    .text.OUTLINED_FUNCTION_16  stm32wlxx_hal_uart.o
    0x080038dc   0x080038dc   0x00000012   Code   RO         1496    .text.OUTLINED_FUNCTION_17  stm32wlxx_hal_uart.o
    0x080038ee   0x080038ee   0x00000012   Code   RO         1498    .text.OUTLINED_FUNCTION_18  stm32wlxx_hal_uart.o
    0x08003900   0x08003900   0x0000001e   Code   RO         1799    .text.OUTLINED_FUNCTION_18  stm32wlxx_hal_i2c.o
    0x0800391e   0x0800391e   0x0000000c   Code   RO          476    .text.OUTLINED_FUNCTION_2  stm32wlxx_hal_rcc.o
    0x0800392a   0x0800392a   0x0000000a   Code   RO          972    .text.OUTLINED_FUNCTION_2  stm32wlxx_hal.o
    0x08003934   0x08003934   0x00000018   Code   RO         1068    .text.OUTLINED_FUNCTION_2  stm32wlxx_hal_rtc.o
    0x0800394c   0x0800394c   0x00000012   Code   RO         1298    .text.OUTLINED_FUNCTION_2  stm32wlxx_hal_subghz.o
    0x0800395e   0x0800395e   0x00000012   Code   RO         1466    .text.OUTLINED_FUNCTION_2  stm32wlxx_hal_uart.o
    0x08003970   0x08003970   0x00000006   Code   RO         2103    .text.OUTLINED_FUNCTION_2  radio.o
    0x08003976   0x08003976   0x00000006   Code   RO         2275    .text.OUTLINED_FUNCTION_2  radio_driver.o
    0x0800397c   0x0800397c   0x00000006   Code   RO         2621    .text.OUTLINED_FUNCTION_2  hts221.o
    0x08003982   0x08003982   0x00000012   Code   RO         1502    .text.OUTLINED_FUNCTION_20  stm32wlxx_hal_uart.o
    0x08003994   0x08003994   0x00000012   Code   RO         1504    .text.OUTLINED_FUNCTION_21  stm32wlxx_hal_uart.o
    0x080039a6   0x080039a6   0x00000012   Code   RO         1506    .text.OUTLINED_FUNCTION_22  stm32wlxx_hal_uart.o
    0x080039b8   0x080039b8   0x00000008   Code   RO         1510    .text.OUTLINED_FUNCTION_24  stm32wlxx_hal_uart.o
    0x080039c0   0x080039c0   0x0000000c   Code   RO         1512    .text.OUTLINED_FUNCTION_25  stm32wlxx_hal_uart.o
    0x080039cc   0x080039cc   0x00000008   Code   RO         1817    .text.OUTLINED_FUNCTION_27  stm32wlxx_hal_i2c.o
    0x080039d4   0x080039d4   0x0000000a   Code   RO         1518    .text.OUTLINED_FUNCTION_28  stm32wlxx_hal_uart.o
    0x080039de   0x080039de   0x00000018   Code   RO         1821    .text.OUTLINED_FUNCTION_29  stm32wlxx_hal_i2c.o
    0x080039f6   0x080039f6   0x00000010   Code   RO          478    .text.OUTLINED_FUNCTION_3  stm32wlxx_hal_rcc.o
    0x08003a06   0x08003a06   0x0000000e   Code   RO          533    .text.OUTLINED_FUNCTION_3  stm32wlxx_hal_rcc_ex.o
    0x08003a14   0x08003a14   0x00000010   Code   RO         1070    .text.OUTLINED_FUNCTION_3  stm32wlxx_hal_rtc.o
    0x08003a24   0x08003a24   0x0000000a   Code   RO         1300    .text.OUTLINED_FUNCTION_3  stm32wlxx_hal_subghz.o
    0x08003a2e   0x08003a2e   0x00000008   Code   RO         1468    .text.OUTLINED_FUNCTION_3  stm32wlxx_hal_uart.o
    0x08003a36   0x08003a36   0x0000000a   Code   RO         1590    .text.OUTLINED_FUNCTION_3  stm32wlxx_hal_uart_ex.o
    0x08003a40   0x08003a40   0x00000010   Code   RO         2105    .text.OUTLINED_FUNCTION_3  radio.o
    0x08003a50   0x08003a50   0x00000008   Code   RO         2277    .text.OUTLINED_FUNCTION_3  radio_driver.o
    0x08003a58   0x08003a58   0x00000014   Code   RO         2623    .text.OUTLINED_FUNCTION_3  hts221.o
    0x08003a6c   0x08003a6c   0x0000000e   Code   RO         1522    .text.OUTLINED_FUNCTION_30  stm32wlxx_hal_uart.o
    0x08003a7a   0x08003a7a   0x0000000a   Code   RO         1530    .text.OUTLINED_FUNCTION_34  stm32wlxx_hal_uart.o
    0x08003a84   0x08003a84   0x0000000e   Code   RO         1532    .text.OUTLINED_FUNCTION_35  stm32wlxx_hal_uart.o
    0x08003a92   0x08003a92   0x00000006   Code   RO         1534    .text.OUTLINED_FUNCTION_36  stm32wlxx_hal_uart.o
    0x08003a98   0x08003a98   0x0000000a   Code   RO         1536    .text.OUTLINED_FUNCTION_37  stm32wlxx_hal_uart.o
    0x08003aa2   0x08003aa2   0x0000000e   Code   RO         1538    .text.OUTLINED_FUNCTION_38  stm32wlxx_hal_uart.o
    0x08003ab0   0x08003ab0   0x00000006   Code   RO          480    .text.OUTLINED_FUNCTION_4  stm32wlxx_hal_rcc.o
    0x08003ab6   0x08003ab6   0x00000012   Code   RO         1302    .text.OUTLINED_FUNCTION_4  stm32wlxx_hal_subghz.o
    0x08003ac8   0x08003ac8   0x00000008   Code   RO         1470    .text.OUTLINED_FUNCTION_4  stm32wlxx_hal_uart.o
    0x08003ad0   0x08003ad0   0x0000000a   Code   RO         1592    .text.OUTLINED_FUNCTION_4  stm32wlxx_hal_uart_ex.o
    0x08003ada   0x08003ada   0x00000012   Code   RO         2107    .text.OUTLINED_FUNCTION_4  radio.o
    0x08003aec   0x08003aec   0x00000010   Code   RO         1851    .text.OUTLINED_FUNCTION_44  stm32wlxx_hal_i2c.o
    0x08003afc   0x08003afc   0x00000010   Code   RO         1853    .text.OUTLINED_FUNCTION_45  stm32wlxx_hal_i2c.o
    0x08003b0c   0x08003b0c   0x0000000a   Code   RO         1859    .text.OUTLINED_FUNCTION_48  stm32wlxx_hal_i2c.o
    0x08003b16   0x08003b16   0x0000000a   Code   RO         1861    .text.OUTLINED_FUNCTION_49  stm32wlxx_hal_i2c.o
    0x08003b20   0x08003b20   0x00000008   Code   RO          482    .text.OUTLINED_FUNCTION_5  stm32wlxx_hal_rcc.o
    0x08003b28   0x08003b28   0x0000000a   Code   RO          838    .text.OUTLINED_FUNCTION_5  stm32wlxx_hal_pwr_ex.o
    0x08003b32   0x08003b32   0x00000012   Code   RO         1074    .text.OUTLINED_FUNCTION_5  stm32wlxx_hal_rtc.o
    0x08003b44   0x08003b44   0x0000000c   Code   RO         1304    .text.OUTLINED_FUNCTION_5  stm32wlxx_hal_subghz.o
    0x08003b50   0x08003b50   0x00000014   Code   RO         1472    .text.OUTLINED_FUNCTION_5  stm32wlxx_hal_uart.o
    0x08003b64   0x08003b64   0x00000012   Code   RO         1773    .text.OUTLINED_FUNCTION_5  stm32wlxx_hal_i2c.o
    0x08003b76   0x08003b76   0x0000000c   Code   RO         2109    .text.OUTLINED_FUNCTION_5  radio.o
    0x08003b82   0x08003b82   0x00000008   Code   RO         2627    .text.OUTLINED_FUNCTION_5  hts221.o
    0x08003b8a   0x08003b8a   0x00000012   Code   RO         1867    .text.OUTLINED_FUNCTION_52  stm32wlxx_hal_i2c.o
    0x08003b9c   0x08003b9c   0x00000012   Code   RO         1871    .text.OUTLINED_FUNCTION_54  stm32wlxx_hal_i2c.o
    0x08003bae   0x08003bae   0x00000010   Code   RO         1881    .text.OUTLINED_FUNCTION_59  stm32wlxx_hal_i2c.o
    0x08003bbe   0x08003bbe   0x00000008   Code   RO          484    .text.OUTLINED_FUNCTION_6  stm32wlxx_hal_rcc.o
    0x08003bc6   0x08003bc6   0x00000012   Code   RO         1076    .text.OUTLINED_FUNCTION_6  stm32wlxx_hal_rtc.o
    0x08003bd8   0x08003bd8   0x00000008   Code   RO         1306    .text.OUTLINED_FUNCTION_6  stm32wlxx_hal_subghz.o
    0x08003be0   0x08003be0   0x00000008   Code   RO         1775    .text.OUTLINED_FUNCTION_6  stm32wlxx_hal_i2c.o
    0x08003be8   0x08003be8   0x0000000c   Code   RO         2111    .text.OUTLINED_FUNCTION_6  radio.o
    0x08003bf4   0x08003bf4   0x0000000c   Code   RO         2629    .text.OUTLINED_FUNCTION_6  hts221.o
    0x08003c00   0x08003c00   0x00000010   Code   RO         1885    .text.OUTLINED_FUNCTION_61  stm32wlxx_hal_i2c.o
    0x08003c10   0x08003c10   0x00000006   Code   RO         1895    .text.OUTLINED_FUNCTION_66  stm32wlxx_hal_i2c.o
    0x08003c16   0x08003c16   0x0000000c   Code   RO         1078    .text.OUTLINED_FUNCTION_7  stm32wlxx_hal_rtc.o
    0x08003c22   0x08003c22   0x00000008   Code   RO         1308    .text.OUTLINED_FUNCTION_7  stm32wlxx_hal_subghz.o
    0x08003c2a   0x08003c2a   0x00000014   Code   RO         1476    .text.OUTLINED_FUNCTION_7  stm32wlxx_hal_uart.o
    0x08003c3e   0x08003c3e   0x00000008   Code   RO         1777    .text.OUTLINED_FUNCTION_7  stm32wlxx_hal_i2c.o
    0x08003c46   0x08003c46   0x00000008   Code   RO         2113    .text.OUTLINED_FUNCTION_7  radio.o
    0x08003c4e   0x08003c4e   0x00000008   Code   RO         2631    .text.OUTLINED_FUNCTION_7  hts221.o
    0x08003c56   0x08003c56   0x00000008   Code   RO         1903    .text.OUTLINED_FUNCTION_70  stm32wlxx_hal_i2c.o
    0x08003c5e   0x08003c5e   0x0000000e   Code   RO         1913    .text.OUTLINED_FUNCTION_75  stm32wlxx_hal_i2c.o
    0x08003c6c   0x08003c6c   0x00000010   Code   RO         1080    .text.OUTLINED_FUNCTION_8  stm32wlxx_hal_rtc.o
    0x08003c7c   0x08003c7c   0x00000006   Code   RO         1310    .text.OUTLINED_FUNCTION_8  stm32wlxx_hal_subghz.o
    0x08003c82   0x08003c82   0x00000014   Code   RO         1478    .text.OUTLINED_FUNCTION_8  stm32wlxx_hal_uart.o
    0x08003c96   0x08003c96   0x0000000e   Code   RO         2115    .text.OUTLINED_FUNCTION_8  radio.o
    0x08003ca4   0x08003ca4   0x00000008   Code   RO         2633    .text.OUTLINED_FUNCTION_8  hts221.o
    0x08003cac   0x08003cac   0x0000000a   Code   RO         1927    .text.OUTLINED_FUNCTION_82  stm32wlxx_hal_i2c.o
    0x08003cb6   0x08003cb6   0x00000010   Code   RO         1082    .text.OUTLINED_FUNCTION_9  stm32wlxx_hal_rtc.o
    0x08003cc6   0x08003cc6   0x0000000a   Code   RO         1312    .text.OUTLINED_FUNCTION_9  stm32wlxx_hal_subghz.o
    0x08003cd0   0x08003cd0   0x0000000c   Code   RO         1480    .text.OUTLINED_FUNCTION_9  stm32wlxx_hal_uart.o
    0x08003cdc   0x08003cdc   0x0000000a   Code   RO         2117    .text.OUTLINED_FUNCTION_9  radio.o
    0x08003ce6   0x08003ce6   0x0000000c   Code   RO         2635    .text.OUTLINED_FUNCTION_9  hts221.o
    0x08003cf2   0x08003cf2   0x0000000a   Code   RO         1943    .text.OUTLINED_FUNCTION_90  stm32wlxx_hal_i2c.o
    0x08003cfc   0x08003cfc   0x00000104   Code   RO          319    .text.OnRxDone      subghz_phy_app.o
    0x08003e00   0x08003e00   0x00000028   Code   RO          325    .text.OnRxError     subghz_phy_app.o
    0x08003e28   0x08003e28   0x00000030   Code   RO          323    .text.OnRxTimeout   subghz_phy_app.o
    0x08003e58   0x08003e58   0x00000028   Code   RO          317    .text.OnTxDone      subghz_phy_app.o
    0x08003e80   0x08003e80   0x0000002c   Code   RO          321    .text.OnTxTimeout   subghz_phy_app.o
    0x08003eac   0x08003eac   0x00000020   Code   RO          315    .text.OnledEvent    subghz_phy_app.o
    0x08003ecc   0x08003ecc   0x00000002   Code   RO           91    .text.PWR_EnterOffMode  stm32_lpm_if.o
    0x08003ece   0x08003ece   0x00000012   Code   RO           83    .text.PWR_EnterSleepMode  stm32_lpm_if.o
    0x08003ee0   0x08003ee0   0x0000001c   Code   RO           87    .text.PWR_EnterStopMode  stm32_lpm_if.o
    0x08003efc   0x08003efc   0x00000002   Code   RO           93    .text.PWR_ExitOffMode  stm32_lpm_if.o
    0x08003efe   0x08003efe   0x00000004   Code   RO           85    .text.PWR_ExitSleepMode  stm32_lpm_if.o
    0x08003f02   0x08003f02   0x0000000e   Code   RO           89    .text.PWR_ExitStopMode  stm32_lpm_if.o
    0x08003f10   0x08003f10   0x00000002   Code   RO          256    .text.PendSV_Handler  stm32wlxx_it.o
    0x08003f12   0x08003f12   0x00000002   PAD
    0x08003f14   0x08003f14   0x00000174   Code   RO          327    .text.PingPong_Process  subghz_phy_app.o
    0x08004088   0x08004088   0x00000004   Code   RO          349    .text.RBI_ConfigRFSwitch  radio_board_if.o
    0x0800408c   0x0800408c   0x00000004   Code   RO          357    .text.RBI_GetRFOMaxPowerConfig  radio_board_if.o
    0x08004090   0x08004090   0x00000004   Code   RO          351    .text.RBI_GetTxConfig  radio_board_if.o
    0x08004094   0x08004094   0x00000004   Code   RO          345    .text.RBI_Init      radio_board_if.o
    0x08004098   0x08004098   0x00000004   Code   RO          355    .text.RBI_IsDCDC    radio_board_if.o
    0x0800409c   0x0800409c   0x00000004   Code   RO          353    .text.RBI_IsTCXO    radio_board_if.o
    0x080040a0   0x080040a0   0x000000a4   Code   RO          442    .text.RCC_SetFlashLatencyFromMSIRange  stm32wlxx_hal_rcc.o
    0x08004144   0x08004144   0x00000002   Code   RO         2295    .text.RFW_DeInit    radio_fw.o
    0x08004146   0x08004146   0x00000002   Code   RO         2307    .text.RFW_DeInit_TxLongPacket  radio_fw.o
    0x08004148   0x08004148   0x00000004   Code   RO         2293    .text.RFW_Init      radio_fw.o
    0x0800414c   0x0800414c   0x00000004   Code   RO         2297    .text.RFW_Is_Init   radio_fw.o
    0x08004150   0x08004150   0x00000004   Code   RO         2299    .text.RFW_Is_LongPacketModeEnabled  radio_fw.o
    0x08004154   0x08004154   0x00000004   Code   RO         2305    .text.RFW_ReceiveInit  radio_fw.o
    0x08004158   0x08004158   0x00000004   Code   RO         2291    .text.RFW_ReceiveLongPacket  radio_fw.o
    0x0800415c   0x0800415c   0x00000002   Code   RO         2309    .text.RFW_ReceivePayload  radio_fw.o
    0x0800415e   0x0800415e   0x00000002   Code   RO         2301    .text.RFW_SetAntSwitch  radio_fw.o
    0x08004160   0x08004160   0x00000002   Code   RO         2311    .text.RFW_SetRadioModem  radio_fw.o
    0x08004162   0x08004162   0x00000004   Code   RO         2303    .text.RFW_TransmitInit  radio_fw.o
    0x08004166   0x08004166   0x00000004   Code   RO         2289    .text.RFW_TransmitLongPacket  radio_fw.o
    0x0800416a   0x0800416a   0x00000002   PAD
    0x0800416c   0x0800416c   0x0000000c   Code   RO          266    .text.RTC_Alarm_IRQHandler  stm32wlxx_it.o
    0x08004178   0x08004178   0x00000024   Code   RO         1026    .text.RTC_ByteToBcd2  stm32wlxx_hal_rtc.o
    0x0800419c   0x0800419c   0x00000050   Code   RO         1016    .text.RTC_EnterInitMode  stm32wlxx_hal_rtc.o
    0x080041ec   0x080041ec   0x00000050   Code   RO         1018    .text.RTC_ExitInitMode  stm32wlxx_hal_rtc.o
    0x0800423c   0x0800423c   0x00000004   Code   RO         2043    .text.RadioCheckRfFrequency  radio.o
    0x08004240   0x08004240   0x00000024   Code   RO         2029    .text.RadioGetStatus  radio.o
    0x08004264   0x08004264   0x0000000a   Code   RO         2073    .text.RadioGetWakeupTime  radio.o
    0x0800426e   0x0800426e   0x00000002   PAD
    0x08004270   0x08004270   0x00000084   Code   RO         2027    .text.RadioInit     radio.o
    0x080042f4   0x080042f4   0x0000029c   Code   RO         2075    .text.RadioIrqProcess  radio.o
    0x08004590   0x08004590   0x00000082   Code   RO         2035    .text.RadioIsChannelFree  radio.o
    0x08004612   0x08004612   0x00000004   Code   RO         2091    .text.RadioLrFhssGetTimeOnAirInMs  radio.o
    0x08004616   0x08004616   0x00000004   Code   RO         2089    .text.RadioLrFhssSetCfg  radio.o
    0x0800461a   0x0800461a   0x00000002   PAD
    0x0800461c   0x0800461c   0x00000010   Code   RO         2093    .text.RadioOnDioIrq  radio.o
    0x0800462c   0x0800462c   0x0000001c   Code   RO         2097    .text.RadioOnRxTimeoutIrq  radio.o
    0x08004648   0x08004648   0x0000001c   Code   RO         2095    .text.RadioOnTxTimeoutIrq  radio.o
    0x08004664   0x08004664   0x00000012   Code   RO         2037    .text.RadioRandom   radio.o
    0x08004676   0x08004676   0x00000004   Code   RO         2063    .text.RadioRead     radio.o
    0x0800467a   0x0800467a   0x00000004   Code   RO         2067    .text.RadioReadRegisters  radio.o
    0x0800467e   0x0800467e   0x00000008   Code   RO         2059    .text.RadioRssi     radio.o
    0x08004686   0x08004686   0x00000002   PAD
    0x08004688   0x08004688   0x00000050   Code   RO         2053    .text.RadioRx       radio.o
    0x080046d8   0x080046d8   0x00000050   Code   RO         2077    .text.RadioRxBoosted  radio.o
    0x08004728   0x08004728   0x000001e8   Code   RO         2047    .text.RadioSend     radio.o
    0x08004910   0x08004910   0x00000004   Code   RO         2033    .text.RadioSetChannel  radio.o
    0x08004914   0x08004914   0x00000024   Code   RO         2069    .text.RadioSetMaxPayloadLength  radio.o
    0x08004938   0x08004938   0x00000058   Code   RO         2031    .text.RadioSetModem  radio.o
    0x08004990   0x08004990   0x00000038   Code   RO         2071    .text.RadioSetPublicNetwork  radio.o
    0x080049c8   0x080049c8   0x0000029c   Code   RO         2039    .text.RadioSetRxConfig  radio.o
    0x08004c64   0x08004c64   0x00000038   Code   RO         2079    .text.RadioSetRxDutyCycle  radio.o
    0x08004c9c   0x08004c9c   0x00000200   Code   RO         2085    .text.RadioSetRxGenericConfig  radio.o
    0x08004e9c   0x08004e9c   0x00000184   Code   RO         2041    .text.RadioSetTxConfig  radio.o
    0x08005020   0x08005020   0x00000044   Code   RO         2057    .text.RadioSetTxContinuousWave  radio.o
    0x08005064   0x08005064   0x00000264   Code   RO         2087    .text.RadioSetTxGenericConfig  radio.o
    0x080052c8   0x080052c8   0x00000012   Code   RO         2049    .text.RadioSleep    radio.o
    0x080052da   0x080052da   0x00000006   Code   RO         2051    .text.RadioStandby  radio.o
    0x080052e0   0x080052e0   0x00000028   Code   RO         2055    .text.RadioStartCad  radio.o
    0x08005308   0x08005308   0x00000124   Code   RO         2045    .text.RadioTimeOnAir  radio.o
    0x0800542c   0x0800542c   0x0000001c   Code   RO         2083    .text.RadioTxCw     radio.o
    0x08005448   0x08005448   0x00000030   Code   RO         2081    .text.RadioTxPrbs   radio.o
    0x08005478   0x08005478   0x00000004   Code   RO         2061    .text.RadioWrite    radio.o
    0x0800547c   0x0800547c   0x00000004   Code   RO         2065    .text.RadioWriteRegisters  radio.o
    0x08005480   0x08005480   0x0000002a   Code   RO         2135    .text.Radio_SMPS_Set  radio_driver.o
    0x080054aa   0x080054aa   0x00000002   PAD
    0x080054ac   0x080054ac   0x0000003c   Code   RO         2484    .text.SEQ_BitPosition  stm32_seq.o
    0x080054e8   0x080054e8   0x00000024   Code   RO         1236    .text.SUBGHZSPI_Init  stm32wlxx_hal_subghz.o
    0x0800550c   0x0800550c   0x0000005c   Code   RO         1254    .text.SUBGHZSPI_Receive  stm32wlxx_hal_subghz.o
    0x08005568   0x08005568   0x0000005c   Code   RO         1248    .text.SUBGHZSPI_Transmit  stm32wlxx_hal_subghz.o
    0x080055c4   0x080055c4   0x00000040   Code   RO         1246    .text.SUBGHZ_CheckDeviceReady  stm32wlxx_hal_subghz.o
    0x08005604   0x08005604   0x00000008   Code   RO          268    .text.SUBGHZ_Radio_IRQHandler  stm32wlxx_it.o
    0x0800560c   0x0800560c   0x00000044   Code   RO         1250    .text.SUBGHZ_WaitOnBusy  stm32wlxx_hal_subghz.o
    0x08005650   0x08005650   0x00000018   Code   RO         2143    .text.SUBGRF_Calibrate  radio_driver.o
    0x08005668   0x08005668   0x00000080   Code   RO         2203    .text.SUBGRF_CalibrateImage  radio_driver.o
    0x080056e8   0x080056e8   0x0000007c   Code   RO         2269    .text.SUBGRF_GetCFO  radio_driver.o
    0x08005764   0x08005764   0x00000024   Code   RO         2267    .text.SUBGRF_GetFskBandwidthRegValue  radio_driver.o
    0x08005788   0x08005788   0x00000008   Code   RO         2145    .text.SUBGRF_GetOperatingMode  radio_driver.o
    0x08005790   0x08005790   0x00000070   Code   RO         2233    .text.SUBGRF_GetPacketStatus  radio_driver.o
    0x08005800   0x08005800   0x00000030   Code   RO         2151    .text.SUBGRF_GetPayload  radio_driver.o
    0x08005830   0x08005830   0x00000004   Code   RO         2245    .text.SUBGRF_GetRadioWakeUpTime  radio_driver.o
    0x08005834   0x08005834   0x00000064   Code   RO         2175    .text.SUBGRF_GetRandom  radio_driver.o
    0x08005898   0x08005898   0x00000018   Code   RO         2231    .text.SUBGRF_GetRssiInst  radio_driver.o
    0x080058b0   0x080058b0   0x00000038   Code   RO         2153    .text.SUBGRF_GetRxBufferStatus  radio_driver.o
    0x080058e8   0x080058e8   0x00000068   Code   RO         2133    .text.SUBGRF_Init   radio_driver.o
    0x08005950   0x08005950   0x0000001c   Code   RO         2155    .text.SUBGRF_ReadBuffer  radio_driver.o
    0x0800596c   0x0800596c   0x0000001c   Code   RO         2213    .text.SUBGRF_ReadCommand  radio_driver.o
    0x08005988   0x08005988   0x00000018   Code   RO         2173    .text.SUBGRF_ReadRegister  radio_driver.o
    0x080059a0   0x080059a0   0x00000020   Code   RO         2179    .text.SUBGRF_ReadRegisters  radio_driver.o
    0x080059c0   0x080059c0   0x00000012   Code   RO         2157    .text.SUBGRF_SendPayload  radio_driver.o
    0x080059d2   0x080059d2   0x00000018   Code   RO         2227    .text.SUBGRF_SetBufferBaseAddress  radio_driver.o
    0x080059ea   0x080059ea   0x00000002   PAD
    0x080059ec   0x080059ec   0x00000014   Code   RO         2191    .text.SUBGRF_SetCad  radio_driver.o
    0x08005a00   0x08005a00   0x00000020   Code   RO         2169    .text.SUBGRF_SetCrcPolynomial  radio_driver.o
    0x08005a20   0x08005a20   0x00000020   Code   RO         2165    .text.SUBGRF_SetCrcSeed  radio_driver.o
    0x08005a40   0x08005a40   0x00000036   Code   RO         2209    .text.SUBGRF_SetDioIrqParams  radio_driver.o
    0x08005a76   0x08005a76   0x00000038   Code   RO         2199    .text.SUBGRF_SetLoRaSymbNumTimeout  radio_driver.o
    0x08005aae   0x08005aae   0x00000002   PAD
    0x08005ab0   0x08005ab0   0x000000b0   Code   RO         2221    .text.SUBGRF_SetModulationParams  radio_driver.o
    0x08005b60   0x08005b60   0x0000001e   Code   RO         2205    .text.SUBGRF_SetPaConfig  radio_driver.o
    0x08005b7e   0x08005b7e   0x00000002   PAD
    0x08005b80   0x08005b80   0x000000a8   Code   RO         2223    .text.SUBGRF_SetPacketParams  radio_driver.o
    0x08005c28   0x08005c28   0x00000028   Code   RO         2217    .text.SUBGRF_SetPacketType  radio_driver.o
    0x08005c50   0x08005c50   0x0000000a   Code   RO         2147    .text.SUBGRF_SetPayload  radio_driver.o
    0x08005c5a   0x08005c5a   0x00000020   Code   RO         2201    .text.SUBGRF_SetRegulatorMode  radio_driver.o
    0x08005c7a   0x08005c7a   0x00000002   PAD
    0x08005c7c   0x08005c7c   0x00000038   Code   RO         2215    .text.SUBGRF_SetRfFrequency  radio_driver.o
    0x08005cb4   0x08005cb4   0x00000028   Code   RO         2243    .text.SUBGRF_SetRfTxPower  radio_driver.o
    0x08005cdc   0x08005cdc   0x00000018   Code   RO         2177    .text.SUBGRF_SetRx  radio_driver.o
    0x08005cf4   0x08005cf4   0x00000034   Code   RO         2187    .text.SUBGRF_SetRxBoosted  radio_driver.o
    0x08005d28   0x08005d28   0x00000038   Code   RO         2189    .text.SUBGRF_SetRxDutyCycle  radio_driver.o
    0x08005d60   0x08005d60   0x0000002c   Code   RO         2181    .text.SUBGRF_SetSleep  radio_driver.o
    0x08005d8c   0x08005d8c   0x00000028   Code   RO         2137    .text.SUBGRF_SetStandby  radio_driver.o
    0x08005db4   0x08005db4   0x00000012   Code   RO         2197    .text.SUBGRF_SetStopRxTimerOnPreambleDetect  radio_driver.o
    0x08005dc6   0x08005dc6   0x0000002c   Code   RO         2241    .text.SUBGRF_SetSwitch  radio_driver.o
    0x08005df2   0x08005df2   0x00000012   Code   RO         2161    .text.SUBGRF_SetSyncWord  radio_driver.o
    0x08005e04   0x08005e04   0x00000026   Code   RO         2139    .text.SUBGRF_SetTcxoMode  radio_driver.o
    0x08005e2a   0x08005e2a   0x00000002   PAD
    0x08005e2c   0x08005e2c   0x0000001c   Code   RO         2159    .text.SUBGRF_SetTx  radio_driver.o
    0x08005e48   0x08005e48   0x0000000a   Code   RO         2193    .text.SUBGRF_SetTxContinuousWave  radio_driver.o
    0x08005e52   0x08005e52   0x0000000a   Code   RO         2195    .text.SUBGRF_SetTxInfinitePreamble  radio_driver.o
    0x08005e5c   0x08005e5c   0x000000ec   Code   RO         2219    .text.SUBGRF_SetTxParams  radio_driver.o
    0x08005f48   0x08005f48   0x00000038   Code   RO         2171    .text.SUBGRF_SetWhiteningSeed  radio_driver.o
    0x08005f80   0x08005f80   0x0000001c   Code   RO         2149    .text.SUBGRF_WriteBuffer  radio_driver.o
    0x08005f9c   0x08005f9c   0x0000001c   Code   RO         2183    .text.SUBGRF_WriteCommand  radio_driver.o
    0x08005fb8   0x08005fb8   0x00000018   Code   RO         2141    .text.SUBGRF_WriteRegister  radio_driver.o
    0x08005fd0   0x08005fd0   0x00000020   Code   RO         2163    .text.SUBGRF_WriteRegisters  radio_driver.o
    0x08005ff0   0x08005ff0   0x00000002   Code   RO          252    .text.SVC_Handler   stm32wlxx_it.o
    0x08005ff2   0x08005ff2   0x00000002   PAD
    0x08005ff4   0x08005ff4   0x00000204   Code   RO          313    .text.SubghzApp_Init  subghz_phy_app.o
    0x080061f8   0x080061f8   0x00000002   Code   RO          258    .text.SysTick_Handler  stm32wlxx_it.o
    0x080061fa   0x080061fa   0x00000002   PAD
    0x080061fc   0x080061fc   0x00000028   Code   RO         2425    .text.SysTimeAdd    stm32_systime.o
    0x08006224   0x08006224   0x00000044   Code   RO         2431    .text.SysTimeGet    stm32_systime.o
    0x08006268   0x08006268   0x00000048   Code   RO          103    .text.SystemApp_Init  sys_app.o
    0x080062b0   0x080062b0   0x0000008c   Code   RO           14    .text.SystemClock_Config  main.o
    0x0800633c   0x0800633c   0x00000002   Code   RO         1978    .text.SystemInit    system_stm32wlxx.o
    0x0800633e   0x0800633e   0x00000002   PAD
    0x08006340   0x08006340   0x00000008   Code   RO          260    .text.TAMP_STAMP_LSECSS_SSRU_IRQHandler  stm32wlxx_it.o
    0x08006348   0x08006348   0x00000008   Code   RO          181    .text.TIMER_IF_BkUp_Read_MSBticks  timer_if.o
    0x08006350   0x08006350   0x00000008   Code   RO          163    .text.TIMER_IF_BkUp_Read_Seconds  timer_if.o
    0x08006358   0x08006358   0x00000008   Code   RO          167    .text.TIMER_IF_BkUp_Read_SubSeconds  timer_if.o
    0x08006360   0x08006360   0x0000000c   Code   RO          171    .text.TIMER_IF_BkUp_Write_MSBticks  timer_if.o
    0x0800636c   0x0800636c   0x0000000c   Code   RO          161    .text.TIMER_IF_BkUp_Write_Seconds  timer_if.o
    0x08006378   0x08006378   0x0000000c   Code   RO          165    .text.TIMER_IF_BkUp_Write_SubSeconds  timer_if.o
    0x08006384   0x08006384   0x00000010   Code   RO          159    .text.TIMER_IF_Convert_Tick2ms  timer_if.o
    0x08006394   0x08006394   0x00000008   Code   RO          157    .text.TIMER_IF_Convert_ms2Tick  timer_if.o
    0x0800639c   0x0800639c   0x0000001e   Code   RO          175    .text.TIMER_IF_DelayMs  timer_if.o
    0x080063ba   0x080063ba   0x00000004   Code   RO          155    .text.TIMER_IF_GetMinimumTimeout  timer_if.o
    0x080063be   0x080063be   0x00000024   Code   RO          169    .text.TIMER_IF_GetTime  timer_if.o
    0x080063e2   0x080063e2   0x00000002   PAD
    0x080063e4   0x080063e4   0x00000008   Code   RO          149    .text.TIMER_IF_GetTimerContext  timer_if.o
    0x080063ec   0x080063ec   0x00000010   Code   RO          151    .text.TIMER_IF_GetTimerElapsedTime  timer_if.o
    0x080063fc   0x080063fc   0x00000010   Code   RO          153    .text.TIMER_IF_GetTimerValue  timer_if.o
    0x0800640c   0x0800640c   0x0000003c   Code   RO          141    .text.TIMER_IF_Init  timer_if.o
    0x08006448   0x08006448   0x0000000c   Code   RO          147    .text.TIMER_IF_SetTimerContext  timer_if.o
    0x08006454   0x08006454   0x0000004c   Code   RO          143    .text.TIMER_IF_StartTimer  timer_if.o
    0x080064a0   0x080064a0   0x00000020   Code   RO          145    .text.TIMER_IF_StopTimer  timer_if.o
    0x080064c0   0x080064c0   0x0000007c   Code   RO         2364    .text.TRACE_AllocateBufer  stm32_adv_trace.o
    0x0800653c   0x0800653c   0x00000018   Code   RO         2362    .text.TRACE_Lock    stm32_adv_trace.o
    0x08006554   0x08006554   0x0000007c   Code   RO         2368    .text.TRACE_Send    stm32_adv_trace.o
    0x080065d0   0x080065d0   0x00000090   Code   RO         2352    .text.TRACE_TxCpltCallback  stm32_adv_trace.o
    0x08006660   0x08006660   0x0000001c   Code   RO         2366    .text.TRACE_UnLock  stm32_adv_trace.o
    0x0800667c   0x0800667c   0x00000018   Code   RO         2533    .text.TimerExists   stm32_timer.o
    0x08006694   0x08006694   0x00000014   Code   RO         2535    .text.TimerInsertNewHeadTimer  stm32_timer.o
    0x080066a8   0x080066a8   0x00000024   Code   RO         2537    .text.TimerInsertTimer  stm32_timer.o
    0x080066cc   0x080066cc   0x00000038   Code   RO         2543    .text.TimerSetTimeout  stm32_timer.o
    0x08006704   0x08006704   0x00000024   Code   RO          105    .text.TimestampNow  sys_app.o
    0x08006728   0x08006728   0x00000044   Code   RO         1568    .text.UARTEx_SetNbDataToProcess  stm32wlxx_hal_uart_ex.o
    0x0800676c   0x0800676c   0x000000a8   Code   RO         1330    .text.UART_AdvFeatureConfig  stm32wlxx_hal_uart.o
    0x08006814   0x08006814   0x0000004e   Code   RO         1332    .text.UART_CheckIdleState  stm32wlxx_hal_uart.o
    0x08006862   0x08006862   0x00000010   Code   RO         1414    .text.UART_DMAAbortOnError  stm32wlxx_hal_uart.o
    0x08006872   0x08006872   0x00000056   Code   RO         1370    .text.UART_DMAError  stm32wlxx_hal_uart.o
    0x080068c8   0x080068c8   0x00000038   Code   RO         1366    .text.UART_DMATransmitCplt  stm32wlxx_hal_uart.o
    0x08006900   0x08006900   0x00000006   Code   RO         1368    .text.UART_DMATxHalfCplt  stm32wlxx_hal_uart.o
    0x08006906   0x08006906   0x00000002   PAD
    0x08006908   0x08006908   0x00000038   Code   RO         1384    .text.UART_EndRxTransfer  stm32wlxx_hal_uart.o
    0x08006940   0x08006940   0x0000002a   Code   RO         1382    .text.UART_EndTxTransfer  stm32wlxx_hal_uart.o
    0x0800696a   0x0800696a   0x00000002   PAD
    0x0800696c   0x0800696c   0x000000ac   Code   RO         1454    .text.UART_RxISR_16BIT  stm32wlxx_hal_uart.o
    0x08006a18   0x08006a18   0x00000144   Code   RO         1450    .text.UART_RxISR_16BIT_FIFOEN  stm32wlxx_hal_uart.o
    0x08006b5c   0x08006b5c   0x000000ac   Code   RO         1456    .text.UART_RxISR_8BIT  stm32wlxx_hal_uart.o
    0x08006c08   0x08006c08   0x00000148   Code   RO         1452    .text.UART_RxISR_8BIT_FIFOEN  stm32wlxx_hal_uart.o
    0x08006d50   0x08006d50   0x000001ec   Code   RO         1328    .text.UART_SetConfig  stm32wlxx_hal_uart.o
    0x08006f3c   0x08006f3c   0x0000010c   Code   RO         1362    .text.UART_Start_Receive_IT  stm32wlxx_hal_uart.o
    0x08007048   0x08007048   0x000000ca   Code   RO         1346    .text.UART_WaitOnFlagUntilTimeout  stm32wlxx_hal_uart.o
    0x08007112   0x08007112   0x00000002   PAD
    0x08007114   0x08007114   0x0000000c   Code   RO          264    .text.USART2_IRQHandler  stm32wlxx_it.o
    0x08007120   0x08007120   0x000000a4   Code   RO         2360    .text.UTIL_ADV_TRACE_COND_FSend  stm32_adv_trace.o
    0x080071c4   0x080071c4   0x00000030   Code   RO         2350    .text.UTIL_ADV_TRACE_Init  stm32_adv_trace.o
    0x080071f4   0x080071f4   0x00000008   Code   RO          111    .text.UTIL_ADV_TRACE_PostSendHook  sys_app.o
    0x080071fc   0x080071fc   0x00000008   Code   RO          109    .text.UTIL_ADV_TRACE_PreSendHook  sys_app.o
    0x08007204   0x08007204   0x00000008   Code   RO         2384    .text.UTIL_ADV_TRACE_RegisterTimeStampFunction  stm32_adv_trace.o
    0x0800720c   0x0800720c   0x0000000c   Code   RO         2386    .text.UTIL_ADV_TRACE_SetVerboseLevel  stm32_adv_trace.o
    0x08007218   0x08007218   0x00000038   Code   RO         2580    .text.UTIL_LPM_EnterLowPower  stm32_lpm.o
    0x08007250   0x08007250   0x0000000c   Code   RO         2570    .text.UTIL_LPM_Init  stm32_lpm.o
    0x0800725c   0x0800725c   0x0000002c   Code   RO         2576    .text.UTIL_LPM_SetOffMode  stm32_lpm.o
    0x08007288   0x08007288   0x00000030   Code   RO         2574    .text.UTIL_LPM_SetStopMode  stm32_lpm.o
    0x080072b8   0x080072b8   0x00000012   Code   RO         2411    .text.UTIL_MEM_cpy_8  stm32_mem.o
    0x080072ca   0x080072ca   0x0000000e   Code   RO         2415    .text.UTIL_MEM_set_8  stm32_mem.o
    0x080072d8   0x080072d8   0x00000004   Code   RO          107    .text.UTIL_SEQ_Idle  sys_app.o
    0x080072dc   0x080072dc   0x00000002   Code   RO         2490    .text.UTIL_SEQ_PostIdle  stm32_seq.o
    0x080072de   0x080072de   0x00000002   Code   RO         2486    .text.UTIL_SEQ_PreIdle  stm32_seq.o
    0x080072e0   0x080072e0   0x00000020   Code   RO         2492    .text.UTIL_SEQ_RegTask  stm32_seq.o
    0x08007300   0x08007300   0x000000d8   Code   RO         2482    .text.UTIL_SEQ_Run  stm32_seq.o
    0x080073d8   0x080073d8   0x00000028   Code   RO         2494    .text.UTIL_SEQ_SetTask  stm32_seq.o
    0x08007400   0x08007400   0x00000034   Code   RO         2529    .text.UTIL_TIMER_Create  stm32_timer.o
    0x08007434   0x08007434   0x00000014   Code   RO         2557    .text.UTIL_TIMER_GetCurrentTime  stm32_timer.o
    0x08007448   0x08007448   0x00000020   Code   RO         2559    .text.UTIL_TIMER_GetElapsedTime  stm32_timer.o
    0x08007468   0x08007468   0x00000080   Code   RO         2555    .text.UTIL_TIMER_IRQ_Handler  stm32_timer.o
    0x080074e8   0x080074e8   0x0000000c   Code   RO         2525    .text.UTIL_TIMER_Init  stm32_timer.o
    0x080074f4   0x080074f4   0x00000030   Code   RO         2545    .text.UTIL_TIMER_SetPeriod  stm32_timer.o
    0x08007524   0x08007524   0x0000006c   Code   RO         2531    .text.UTIL_TIMER_Start  stm32_timer.o
    0x08007590   0x08007590   0x00000068   Code   RO         2541    .text.UTIL_TIMER_Stop  stm32_timer.o
    0x080075f8   0x080075f8   0x00000002   Code   RO          250    .text.UsageFault_Handler  stm32wlxx_it.o
    0x080075fa   0x080075fa   0x00000002   PAD
    0x080075fc   0x080075fc   0x00000024   Code   RO          852    .text.__NVIC_SetPriority  stm32wlxx_hal_cortex.o
    0x08007620   0x08007620   0x00000048   Code   RO           12    .text.main          main.o
    0x08007668   0x08007668   0x00000028   Code   RO          119    .text.tiny_snprintf_like  sys_app.o
    0x08007690   0x08007690   0x000002b8   Code   RO         2467    .text.tiny_vsnprintf_like  stm32_tiny_vsnprintf.o
    0x08007948   0x08007948   0x00000028   Code   RO          201    .text.vcom_DeInit   usart_if.o
    0x08007970   0x08007970   0x00000024   Code   RO          199    .text.vcom_Init     usart_if.o
    0x08007994   0x08007994   0x00000044   Code   RO          203    .text.vcom_ReceiveInit  usart_if.o
    0x080079d8   0x080079d8   0x00000024   Code   RO          209    .text.vcom_Resume   usart_if.o
    0x080079fc   0x080079fc   0x00000014   Code   RO          205    .text.vcom_Trace_DMA  usart_if.o
    0x08007a10   0x08007a10   0x0000000e   Code   RO         2736    i.__scatterload_copy  mc_w.l(handlers.o)
    0x08007a1e   0x08007a1e   0x00000002   Code   RO         2737    i.__scatterload_null  mc_w.l(handlers.o)
    0x08007a20   0x08007a20   0x0000000e   Code   RO         2738    i.__scatterload_zeroinit  mc_w.l(handlers.o)
    0x08007a2e   0x08007a2e   0x00000006   Data   RO          486    .rodata..L__const.RCC_SetFlashLatency.FLASH_CLK_SRC_RANGE_VOS1  stm32wlxx_hal_rcc.o
    0x08007a34   0x08007a34   0x00000006   Data   RO          487    .rodata..L__const.RCC_SetFlashLatency.FLASH_CLK_SRC_RANGE_VOS2  stm32wlxx_hal_rcc.o
    0x08007a3a   0x08007a3a   0x00000002   PAD
    0x08007a3c   0x08007a3c   0x0000000c   Data   RO          488    .rodata..L__const.RCC_SetFlashLatency.FLASH_LATENCY_RANGE  stm32wlxx_hal_rcc.o
    0x08007a48   0x08007a48   0x00000040   Data   RO         1983    .rodata.AHBPrescTable  system_stm32wlxx.o
    0x08007a88   0x08007a88   0x00000020   Data   RO         1984    .rodata.APBPrescTable  system_stm32wlxx.o
    0x08007aa8   0x08007aa8   0x00000003   Data   RO         2120    .rodata.Bandwidths  radio.o
    0x08007aab   0x08007aab   0x00000001   PAD
    0x08007aac   0x08007aac   0x000000b0   Data   RO         2279    .rodata.FskBandwidths  radio_driver.o
    0x08007b5c   0x08007b5c   0x00000040   Data   RO         1985    .rodata.MSIRangeTable  system_stm32wlxx.o
    0x08007b9c   0x08007b9c   0x0000008c   Data   RO         2119    .rodata.Radio       radio.o
    0x08007c28   0x08007c28   0x00000010   Data   RO         2514    .rodata.SEQ_clz_table_4bit  stm32_seq.o
    0x08007c38   0x08007c38   0x00000018   Data   RO         1540    .rodata.UARTPrescTable  stm32wlxx_hal_uart.o
    0x08007c50   0x08007c50   0x00000018   Data   RO           95    .rodata.UTIL_PowerDriver  stm32_lpm_if.o
    0x08007c68   0x08007c68   0x00000014   Data   RO          188    .rodata.UTIL_SYSTIMDriver  timer_if.o
    0x08007c7c   0x08007c7c   0x0000002c   Data   RO          187    .rodata.UTIL_TimerDriver  timer_if.o
    0x08007ca8   0x08007ca8   0x00000010   Data   RO          215    .rodata.UTIL_TraceDriver  usart_if.o
    0x08007cb8   0x08007cb8   0x00000010   Data   RO         1541    .rodata.cst16       stm32wlxx_hal_uart.o
    0x08007cc8   0x08007cc8   0x00000010   Data   RO         1596    .rodata.cst8        stm32wlxx_hal_uart_ex.o
    0x08007cd8   0x08007cd8   0x00000056   Data   RO          334    .rodata.str1.1      subghz_phy_app.o
    0x08007d2e   0x08007d2e   0x00000007   Data   RO         2469    .rodata.str1.1      stm32_tiny_vsnprintf.o
    0x08007d35   0x08007d35   0x00000003   PAD
    0x08007d38   0x08007d38   0x00000020   Data   RO         2735    Region$$Table       anon$$obj.o


    Execution Region RW_IRAM1 (Exec base: 0x20000000, Load base: 0x08007d58, Size: 0x00001100, Max: 0x00008000, ABSOLUTE)

    Exec Addr    Load Addr    Size         Type   Attr      Idx    E Section Name        Object

    0x20000000   0x08007d58   0x00000008   Data   RW          977    .data..L_MergedGlobals  stm32wlxx_hal.o
    0x20000008   0x08007d60   0x00000008   Data   RW         2515    .data..L_MergedGlobals  stm32_seq.o
    0x20000010   0x08007d68   0x00000004   Data   RW           18    .data.ID            main.o
    0x20000014   0x08007d6c   0x00000001   Data   RW         2122    .data.MaxPayloadLength  radio.o
    0x20000015   0x08007d6d   0x00000003   PAD
    0x20000018   0x08007d70   0x00000004   Data   RW         1982    .data.SystemCoreClock  system_stm32wlxx.o
    0x2000001c   0x08007d74   0x00000001   Data   RW          333    .data.isMaster      subghz_phy_app.o
    0x2000001d   0x08007d75   0x00000003   PAD
    0x20000020        -       0x00000008   Zero   RW           21    .bss..L_MergedGlobals  main.o
    0x20000028        -       0x00000008   Zero   RW          217    .bss..L_MergedGlobals  usart_if.o
    0x20000030        -       0x00000040   Zero   RW          336    .bss..L_MergedGlobals  subghz_phy_app.o
    0x20000070        -       0x00000034   Zero   RW         2124    .bss..L_MergedGlobals  radio.o
    0x200000a4        -       0x0000000c   Zero   RW         2280    .bss..L_MergedGlobals  radio_driver.o
    0x200000b0        -       0x00000008   Zero   RW         2582    .bss..L_MergedGlobals  stm32_lpm.o
    0x200000b8        -       0x00000018   Zero   RW         2643    .bss..L_MergedGlobals  hts221.o
    0x200000d0        -       0x0000001c   Zero   RW         2516    .bss..L_MergedGlobals.1  stm32_seq.o
    0x200000ec        -       0x00000200   Zero   RW         2401    .bss.ADV_TRACE_Buffer  stm32_adv_trace.o
    0x200002ec        -       0x00000018   Zero   RW         2400    .bss.ADV_TRACE_Ctx  stm32_adv_trace.o
    0x20000304        -       0x000000ff   Zero   RW          335    .bss.BufferRx       subghz_phy_app.o
    0x20000403   0x08007d75   0x00000001   PAD
    0x20000404        -       0x000000ff   Zero   RW           19    .bss.BufferTx       main.o
    0x20000503        -       0x00000001   Zero   RW          189    .bss.RTC_Initialized  timer_if.o
    0x20000504        -       0x000000ff   Zero   RW         2123    .bss.RadioBuffer    radio.o
    0x20000603   0x08007d75   0x00000001   PAD
    0x20000604        -       0x00000004   Zero   RW          190    .bss.RtcTimerContext  timer_if.o
    0x20000608        -       0x00000001   Zero   RW          121    .bss.SYS_TimerInitialisedFlag  sys_app.o
    0x20000609   0x08007d75   0x00000003   PAD
    0x2000060c        -       0x0000005c   Zero   RW         2121    .bss.SubgRf         radio.o
    0x20000668        -       0x00000004   Zero   RW         2561    .bss.TimerListHead  stm32_timer.o
    0x2000066c        -       0x00000004   Zero   RW          216    .bss.TxCpltCallback  usart_if.o
    0x20000670        -       0x00000060   Zero   RW          233    .bss.hdma_usart2_tx  usart.o
    0x200006d0        -       0x00000054   Zero   RW          293    .bss.hi2c3          i2c.o
    0x20000724        -       0x00000038   Zero   RW           59    .bss.hrtc           rtc.o
    0x2000075c        -       0x0000000c   Zero   RW           74    .bss.hsubghz        subghz.o
    0x20000768        -       0x00000094   Zero   RW          232    .bss.huart2         usart.o
    0x200007fc        -       0x00000100   Zero   RW         2402    .bss.sztmp          stm32_adv_trace.o
    0x200008fc   0x08007d75   0x00000004   PAD
    0x20000900        -       0x00000800   Zero   RW            2    STACK               startup_stm32wl55xx_cm4.o


    Execution Region RW_IRAM2 (Exec base: 0x20008000, Load base: 0x08007d78, Size: 0x00008000, Max: 0x00008000, ABSOLUTE)

    Exec Addr    Load Addr    Size         Type   Attr      Idx    E Section Name        Object

    0x20008000        -       0x00008000   Zero   RW            1    RW_IRAM2.bss        anon$$obj.o


==============================================================================

Image component sizes


      Code (inc. data)   RO Data    RW Data    ZI Data      Debug   Object Name

        22          0          0          0          0        838   app_subghz_phy.o
        62          4          0          0          0       4080   dma.o
        94          0          0          0          0       2353   driver_i2c.o
       172         12          0          0          0       3196   gpio.o
      1036         16          0          0         24       9123   hts221.o
       284         24          0          0         84       7658   i2c.o
       220         20          0          4        263       4572   main.o
      4784        284        143          1        399      32207   radio.o
        24          0          0          0          0       2170   radio_board_if.o
      2650         96        176          0         12      28097   radio_driver.o
        44          0          0          0          0       4184   radio_fw.o
       236         16          0          0         56       7311   rtc.o
        36          8        312          0       2048        904   startup_stm32wl55xx_cm4.o
       676         32          0          0        792      10398   stm32_adv_trace.o
       160          8          0          0          8       2745   stm32_lpm.o
        68          4         24          0          0       2683   stm32_lpm_if.o
        32          0          0          0          0       1478   stm32_mem.o
       352         12         16          8         28       6940   stm32_seq.o
       108          8          0          0          0       6138   stm32_systime.o
       640         12          0          0          4       7671   stm32_timer.o
       696         84          7          0          0       3623   stm32_tiny_vsnprintf.o
       122         12          0          8          0      12498   stm32wlxx_hal.o
       188         24          0          0          0      10032   stm32wlxx_hal_cortex.o
      1094         32          0          0          0       9525   stm32wlxx_hal_dma.o
       656         16          0          0          0       5211   stm32wlxx_hal_gpio.o
      1554         24          0          0          0      43986   stm32wlxx_hal_i2c.o
       142          0          0          0          0       6079   stm32wlxx_hal_i2c_ex.o
         2          0          0          0          0        492   stm32wlxx_hal_msp.o
        84         12          0          0          0       5704   stm32wlxx_hal_pwr.o
       140          8          0          0          0      11269   stm32wlxx_hal_pwr_ex.o
      2372         88         24          0          0      16352   stm32wlxx_hal_rcc.o
       414          8          0          0          0      12348   stm32wlxx_hal_rcc_ex.o
       958         32          0          0          0      14390   stm32wlxx_hal_rtc.o
       180          4          0          0          0      17920   stm32wlxx_hal_rtc_ex.o
      1380         48          0          0          0      15417   stm32wlxx_hal_subghz.o
      3860        150         40          0          0      35619   stm32wlxx_hal_uart.o
       436          8         16          0          0      10881   stm32wlxx_hal_uart_ex.o
        70         12          0          0          0       7011   stm32wlxx_it.o
       228         24          0          0          0       4388   stm32wlxx_nucleo_radio.o
        76          8          0          0         12       5316   subghz.o
      1372        442         86          1        319       5327   subghz_phy_app.o
       204         28          0          0          1       5364   sys_app.o
       132          4          0          0          0       3112   sys_debug.o
         2          0        160          4          0       2995   system_stm32wlxx.o
       440         20         64          0          5       8625   timer_if.o
       372         28          0          0        244       9181   usart.o
       280         36         16          0         12      10321   usart_if.o

    ----------------------------------------------------------------------
     29212       1708       1122         32      37088     437732   Object Totals
         0          0         32          0      32768          0   (incl. Generated)
        58          0          6          6          9          0   (incl. Padding)

    ----------------------------------------------------------------------

      Code (inc. data)   RO Data    RW Data    ZI Data      Debug   Library Member Name

         0          0          0          0          0          0   entry.o
         0          0          0          0          0          0   entry10a.o
         0          0          0          0          0          0   entry11a.o
         8          4          0          0          0          0   entry2.o
         4          0          0          0          0          0   entry5.o
         0          0          0          0          0          0   entry7b.o
         0          0          0          0          0          0   entry8b.o
         8          4          0          0          0          0   entry9a.o
        30          0          0          0          0          0   handlers.o
        36          8          0          0          0         68   init.o
         0          0          0          0          0          0   iusefp.o
        30          0          0          0          0         68   llshl.o
        32          0          0          0          0         68   llushr.o
        36          0          0          0          0         68   memcpya.o
        36          0          0          0          0        108   memseta.o
        14          0          0          0          0         68   strlen.o
        98          0          0          0          0         92   uldiv.o
        56          0          0          0          0         88   d2f.o
       222          0          0          0          0        100   ddiv.o
       186          0          0          0          0        176   depilogue.o
        62          0          0          0          0         80   dfixi.o
        34          0          0          0          0         76   dflti.o
       228          0          0          0          0         96   dmul.o
        38          0          0          0          0         68   f2d.o
       176          0          0          0          0        140   fadd.o
        28          0          0          0          0         68   fcmple.o
        28          0          0          0          0         68   fcmplt.o
       124          0          0          0          0         88   fdiv.o
       110          0          0          0          0        168   fepilogue.o
        18          0          0          0          0         68   fflti.o
        10          0          0          0          0         68   ffltui.o
       100          0          0          0          0         76   fmul.o

    ----------------------------------------------------------------------
      1754         16          0          0          0       1968   Library Totals
         2          0          0          0          0          0   (incl. Padding)

    ----------------------------------------------------------------------

      Code (inc. data)   RO Data    RW Data    ZI Data      Debug   Library Name

       332         16          0          0          0        540   mc_w.l
      1420          0          0          0          0       1428   mf_w.l

    ----------------------------------------------------------------------
      1754         16          0          0          0       1968   Library Totals

    ----------------------------------------------------------------------

==============================================================================


      Code (inc. data)   RO Data    RW Data    ZI Data      Debug   

     30966       1724       1122         32      37088     437964   Grand Totals
     30966       1724       1122         32      37088     437964   ELF Image Totals
     30966       1724       1122         32          0          0   ROM Totals

==============================================================================

    Total RO  Size (Code + RO Data)                32088 (  31.34kB)
    Total RW  Size (RW Data + ZI Data)             37120 (  36.25kB)
    Total ROM Size (Code + RO Data + RW Data)      32120 (  31.37kB)

==============================================================================

